Archive member included to satisfy reference by file (symbol)

c:/intelfpga/18.1/nios2eds/bin/gnu/h-x86_64-mingw32/bin/../lib/gcc/nios2-elf/5.3.0\libgcc.a(lib2-divmod.o)
                              obj/default/xprintf.o (__udivsi3)
c:/intelfpga/18.1/nios2eds/bin/gnu/h-x86_64-mingw32/bin/../lib/gcc/nios2-elf/5.3.0/../../../../../H-x86_64-mingw32/nios2-elf/lib\libsmallc.a(lib_a-atoi.o)
                              obj/default/src/control.o (atoi)
c:/intelfpga/18.1/nios2eds/bin/gnu/h-x86_64-mingw32/bin/../lib/gcc/nios2-elf/5.3.0/../../../../../H-x86_64-mingw32/nios2-elf/lib\libsmallc.a(lib_a-malloc.o)
                              obj/default/src/control.o (malloc)
c:/intelfpga/18.1/nios2eds/bin/gnu/h-x86_64-mingw32/bin/../lib/gcc/nios2-elf/5.3.0/../../../../../H-x86_64-mingw32/nios2-elf/lib\libsmallc.a(lib_a-nano-freer.o)
                              c:/intelfpga/18.1/nios2eds/bin/gnu/h-x86_64-mingw32/bin/../lib/gcc/nios2-elf/5.3.0/../../../../../H-x86_64-mingw32/nios2-elf/lib\libsmallc.a(lib_a-malloc.o) (_free_r)
c:/intelfpga/18.1/nios2eds/bin/gnu/h-x86_64-mingw32/bin/../lib/gcc/nios2-elf/5.3.0/../../../../../H-x86_64-mingw32/nios2-elf/lib\libsmallc.a(lib_a-nano-mallocr.o)
                              c:/intelfpga/18.1/nios2eds/bin/gnu/h-x86_64-mingw32/bin/../lib/gcc/nios2-elf/5.3.0/../../../../../H-x86_64-mingw32/nios2-elf/lib\libsmallc.a(lib_a-malloc.o) (_malloc_r)
c:/intelfpga/18.1/nios2eds/bin/gnu/h-x86_64-mingw32/bin/../lib/gcc/nios2-elf/5.3.0/../../../../../H-x86_64-mingw32/nios2-elf/lib\libsmallc.a(lib_a-sbrkr.o)
                              c:/intelfpga/18.1/nios2eds/bin/gnu/h-x86_64-mingw32/bin/../lib/gcc/nios2-elf/5.3.0/../../../../../H-x86_64-mingw32/nios2-elf/lib\libsmallc.a(lib_a-nano-mallocr.o) (_sbrk_r)
c:/intelfpga/18.1/nios2eds/bin/gnu/h-x86_64-mingw32/bin/../lib/gcc/nios2-elf/5.3.0/../../../../../H-x86_64-mingw32/nios2-elf/lib\libsmallc.a(lib_a-strcat.o)
                              obj/default/src/control.o (strcat)
c:/intelfpga/18.1/nios2eds/bin/gnu/h-x86_64-mingw32/bin/../lib/gcc/nios2-elf/5.3.0/../../../../../H-x86_64-mingw32/nios2-elf/lib\libsmallc.a(lib_a-strchr.o)
                              obj/default/src/control.o (strchr)
c:/intelfpga/18.1/nios2eds/bin/gnu/h-x86_64-mingw32/bin/../lib/gcc/nios2-elf/5.3.0/../../../../../H-x86_64-mingw32/nios2-elf/lib\libsmallc.a(lib_a-strcmp.o)
                              obj/default/src/control.o (strcmp)
c:/intelfpga/18.1/nios2eds/bin/gnu/h-x86_64-mingw32/bin/../lib/gcc/nios2-elf/5.3.0/../../../../../H-x86_64-mingw32/nios2-elf/lib\libsmallc.a(lib_a-strlen.o)
                              obj/default/src/uart.o (strlen)
c:/intelfpga/18.1/nios2eds/bin/gnu/h-x86_64-mingw32/bin/../lib/gcc/nios2-elf/5.3.0/../../../../../H-x86_64-mingw32/nios2-elf/lib\libsmallc.a(lib_a-strstr.o)
                              obj/default/src/control.o (strstr)
c:/intelfpga/18.1/nios2eds/bin/gnu/h-x86_64-mingw32/bin/../lib/gcc/nios2-elf/5.3.0/../../../../../H-x86_64-mingw32/nios2-elf/lib\libsmallc.a(lib_a-strtol.o)
                              c:/intelfpga/18.1/nios2eds/bin/gnu/h-x86_64-mingw32/bin/../lib/gcc/nios2-elf/5.3.0/../../../../../H-x86_64-mingw32/nios2-elf/lib\libsmallc.a(lib_a-atoi.o) (_strtol_r)
c:/intelfpga/18.1/nios2eds/bin/gnu/h-x86_64-mingw32/bin/../lib/gcc/nios2-elf/5.3.0/../../../../../H-x86_64-mingw32/nios2-elf/lib\libsmallc.a(lib_a-ctype_.o)
                              c:/intelfpga/18.1/nios2eds/bin/gnu/h-x86_64-mingw32/bin/../lib/gcc/nios2-elf/5.3.0/../../../../../H-x86_64-mingw32/nios2-elf/lib\libsmallc.a(lib_a-strtol.o) (__ctype_ptr__)
c:/intelfpga/18.1/nios2eds/bin/gnu/h-x86_64-mingw32/bin/../lib/gcc/nios2-elf/5.3.0/../../../../../H-x86_64-mingw32/nios2-elf/lib\libsmallc.a(lib_a-impure.o)
                              c:/intelfpga/18.1/nios2eds/bin/gnu/h-x86_64-mingw32/bin/../lib/gcc/nios2-elf/5.3.0/../../../../../H-x86_64-mingw32/nios2-elf/lib\libsmallc.a(lib_a-malloc.o) (_impure_ptr)
c:/intelfpga/18.1/nios2eds/bin/gnu/h-x86_64-mingw32/bin/../lib/gcc/nios2-elf/5.3.0/../../../../../H-x86_64-mingw32/nios2-elf/lib\libsmallc.a(lib_a-int_errno.o)
                              c:/intelfpga/18.1/nios2eds/bin/gnu/h-x86_64-mingw32/bin/../lib/gcc/nios2-elf/5.3.0/../../../../../H-x86_64-mingw32/nios2-elf/lib\libsmallc.a(lib_a-sbrkr.o) (errno)
../hello_world_bsp/\libhal_bsp.a(alt_getchar.o)
                              obj/default/src/setup.o (alt_getchar)
../hello_world_bsp/\libhal_bsp.a(alt_iic.o)
                              obj/default/src/timer.o (alt_ic_isr_register)
../hello_world_bsp/\libhal_bsp.a(alt_iic_isr_register.o)
                              ../hello_world_bsp/\libhal_bsp.a(alt_iic.o) (alt_iic_isr_register)
../hello_world_bsp/\libhal_bsp.a(alt_irq_entry.o)
                              ../hello_world_bsp/\libhal_bsp.a(alt_iic_isr_register.o) (alt_irq_entry)
../hello_world_bsp/\libhal_bsp.a(alt_irq_handler.o)
                              ../hello_world_bsp/\libhal_bsp.a(alt_iic_isr_register.o) (alt_irq)
[...]
Memory Configuration

Name             Origin             Length             Attributes
reset            0x0000000000008000 0x0000000000000020
onchip_mem       0x0000000000008020 0x0000000000004fe0
*default*        0x0000000000000000 0xffffffffffffffff

Linker script and memory map

LOAD ../hello_world_bsp//obj/HAL/src/crt0.o
LOAD obj/default/src/control.o
LOAD obj/default/src/hello_world.o
LOAD obj/default/src/setup.o
LOAD obj/default/src/timer.o
LOAD obj/default/src/uart.o
LOAD obj/default/rsscanf.o
LOAD obj/default/xprintf.o
LOAD c:/intelfpga/18.1/nios2eds/bin/gnu/h-x86_64-mingw32/bin/../lib/gcc/nios2-elf/5.3.0/../../../../../H-x86_64-mingw32/nios2-elf/lib\libstdc++.a
LOAD c:/intelfpga/18.1/nios2eds/bin/gnu/h-x86_64-mingw32/bin/../lib/gcc/nios2-elf/5.3.0/../../../../../H-x86_64-mingw32/nios2-elf/lib\libm.a
LOAD c:/intelfpga/18.1/nios2eds/bin/gnu/h-x86_64-mingw32/bin/../lib/gcc/nios2-elf/5.3.0\libgcc.a
START GROUP
LOAD c:/intelfpga/18.1/nios2eds/bin/gnu/h-x86_64-mingw32/bin/../lib/gcc/nios2-elf/5.3.0/../../../../../H-x86_64-mingw32/nios2-elf/lib\libsmallc.a
LOAD c:/intelfpga/18.1/nios2eds/bin/gnu/h-x86_64-mingw32/bin/../lib/gcc/nios2-elf/5.3.0\libgcc.a
LOAD ../hello_world_bsp/\libhal_bsp.a
LOAD c:/intelfpga/18.1/nios2eds/bin/gnu/h-x86_64-mingw32/bin/../lib/gcc/nios2-elf/5.3.0/../../../../../H-x86_64-mingw32/nios2-elf/lib\libm.a
END GROUP
LOAD c:/intelfpga/18.1/nios2eds/bin/gnu/h-x86_64-mingw32/bin/../lib/gcc/nios2-elf/5.3.0\libgcc.a
                0x0000000000008000                __alt_mem_onchip_mem = 0x8000

.entry          0x0000000000008000       0x20
 *(.entry)
 .entry         0x0000000000008000       0x20 ../hello_world_bsp//obj/HAL/src/crt0.o
                0x0000000000008000                __reset

.exceptions     0x0000000000008020      0x224
                0x0000000000008020                PROVIDE (__ram_exceptions_start, ABSOLUTE (.))
                0x0000000000008020                . = ALIGN (0x20)
 *(.irq)
 *(.exceptions.entry.label)
 .exceptions.entry.label
                0x0000000000008020        0x0 ../hello_world_bsp/\libhal_bsp.a(alt_irq_entry.o)
                0x0000000000008020                alt_irq_entry
 .exceptions.entry.label
                0x0000000000008020        0x0 ../hello_world_bsp/\libhal_bsp.a(alt_exception_entry.o)
                0x0000000000008020                alt_exception
 *(.exceptions.entry.user)
 *(.exceptions.entry.ecc_fatal)
 *(.exceptions.entry)
 .exceptions.entry
                0x0000000000008020       0x54 ../hello_world_bsp/\libhal_bsp.a(alt_exception_entry.o)
 *(.exceptions.irqtest.user)
 *(.exceptions.irqtest)
 .exceptions.irqtest
                0x0000000000008074       0x10 ../hello_world_bsp/\libhal_bsp.a(alt_irq_entry.o)
 *(.exceptions.irqhandler.user)
 *(.exceptions.irqhandler)
 .exceptions.irqhandler
                0x0000000000008084        0x4 ../hello_world_bsp/\libhal_bsp.a(alt_irq_entry.o)
 *(.exceptions.irqreturn.user)
 *(.exceptions.irqreturn)
 .exceptions.irqreturn
                0x0000000000008088        0x4 ../hello_world_bsp/\libhal_bsp.a(alt_irq_entry.o)
 *(.exceptions.notirq.label)
 .exceptions.notirq.label
                0x000000000000808c        0x0 ../hello_world_bsp/\libhal_bsp.a(alt_irq_entry.o)
 *(.exceptions.notirq.user)
 *(.exceptions.notirq)
 .exceptions.notirq
                0x000000000000808c        0x8 ../hello_world_bsp/\libhal_bsp.a(alt_exception_entry.o)
 *(.exceptions.soft.user)
 *(.exceptions.soft)
 *(.exceptions.unknown.user)
 *(.exceptions.unknown)
 .exceptions.unknown
                0x0000000000008094       0x14 ../hello_world_bsp/\libhal_bsp.a(alt_exception_entry.o)
 *(.exceptions.exit.label)
 .exceptions.exit.label
                0x00000000000080a8        0x0 ../hello_world_bsp/\libhal_bsp.a(alt_irq_entry.o)
 .exceptions.exit.label
                0x00000000000080a8        0x0 ../hello_world_bsp/\libhal_bsp.a(alt_exception_entry.o)
 *(.exceptions.exit.user)
 *(.exceptions.exit)
 .exceptions.exit
                0x00000000000080a8       0x54 ../hello_world_bsp/\libhal_bsp.a(alt_exception_entry.o)
 *(.exceptions)
 .exceptions    0x00000000000080fc       0xd4 ../hello_world_bsp/\libhal_bsp.a(alt_irq_handler.o)
                0x00000000000080fc                alt_irq_handler
 .exceptions    0x00000000000081d0       0x74 ../hello_world_bsp/\libhal_bsp.a(alt_instruction_exception_entry.o)
                0x00000000000081d0                alt_instruction_exception_entry
                0x0000000000008244                PROVIDE (__ram_exceptions_end, ABSOLUTE (.))
                0x0000000000008020                PROVIDE (__flash_exceptions_start, LOADADDR (.exceptions))

.text           0x0000000000008244     0x2990
                [!provide]                        PROVIDE (stext, ABSOLUTE (.))
 *(.interp)
 *(.hash)
 *(.dynsym)
 *(.dynstr)
 *(.gnu.version)
 *(.gnu.version_d)
 *(.gnu.version_r)
 *(.rel.init)
 *(.rela.init)
 *(.rel.text .rel.text.* .rel.gnu.linkonce.t.*)
 *(.rela.text .rela.text.* .rela.gnu.linkonce.t.*)
 *(.rel.fini)
 *(.rela.fini)
 *(.rel.rodata .rel.rodata.* .rel.gnu.linkonce.r.*)
 *(.rela.rodata .rela.rodata.* .rela.gnu.linkonce.r.*)
 *(.rel.data .rel.data.* .rel.gnu.linkonce.d.*)
 *(.rela.data .rela.data.* .rela.gnu.linkonce.d.*)
 *(.rel.tdata .rel.tdata.* .rel.gnu.linkonce.td.*)
 *(.rela.tdata .rela.tdata.* .rela.gnu.linkonce.td.*)
 *(.rel.tbss .rel.tbss.* .rel.gnu.linkonce.tb.*)
 *(.rela.tbss .rela.tbss.* .rela.gnu.linkonce.tb.*)
 *(.rel.ctors)
 *(.rela.ctors)
 *(.rel.dtors)
 *(.rela.dtors)
 *(.rel.got)
 *(.rela.got)
 *(.rel.sdata .rel.sdata.* .rel.gnu.linkonce.s.*)
 *(.rela.sdata .rela.sdata.* .rela.gnu.linkonce.s.*)
 *(.rel.sbss .rel.sbss.* .rel.gnu.linkonce.sb.*)
 *(.rela.sbss .rela.sbss.* .rela.gnu.linkonce.sb.*)
 *(.rel.sdata2 .rel.sdata2.* .rel.gnu.linkonce.s2.*)
 *(.rela.sdata2 .rela.sdata2.* .rela.gnu.linkonce.s2.*)
 *(.rel.sbss2 .rel.sbss2.* .rel.gnu.linkonce.sb2.*)
 *(.rela.sbss2 .rela.sbss2.* .rela.gnu.linkonce.sb2.*)
 *(.rel.bss .rel.bss.* .rel.gnu.linkonce.b.*)
 *(.rela.bss .rela.bss.* .rela.gnu.linkonce.b.*)
 *(.rel.plt)
 *(.rela.plt)
 *(.rel.dyn)
 *(.init)
 *(.plt)
 *(.text .stub .text.* .gnu.linkonce.t.*)
 .text          0x0000000000008244       0x4c ../hello_world_bsp//obj/HAL/src/crt0.o
                0x0000000000008244                _start
 .text          0x0000000000008290      0x2f4 obj/default/src/control.o
                0x0000000000008290                select_pmt_connector
                0x00000000000082e8                display_commands
                0x0000000000008350                select_base
                0x00000000000083a8                send_pmt_uart_command
                0x0000000000008434                display_eop_status
                0x0000000000008478                clear_eop_flag
                0x00000000000084c8                parse_command
 .text          0x0000000000008584        0x0 obj/default/src/hello_world.o
 .text.startup  0x0000000000008584       0x58 obj/default/src/hello_world.o
                0x0000000000008584                main
 .text          0x00000000000085dc       0x44 obj/default/src/setup.o
                0x00000000000085dc                bootloader_chan_getc
                0x00000000000085fc                bootloader_chan_putc
                0x0000000000008604                config_xdev
 .text          0x0000000000008620       0x4c obj/default/src/timer.o
                0x0000000000008620                handle_timer_interrupt
                0x000000000000863c                timer_isr_setup
 .text          0x000000000000866c      0x258 obj/default/src/uart.o
                0x000000000000866c                init_lightweight_uart
                0x0000000000008678                set_eop_char
                0x00000000000086a8                uart_tx_char
                0x00000000000086c0                uart_tx
                0x0000000000008728                uart_rx_char
                0x0000000000008734                uart_rx
                0x00000000000087e0                uart_trx
                0x0000000000008898                clear_jtag_buffer
                0x00000000000088c0                config_jtag_echo
 .text          0x00000000000088c4      0x2d0 obj/default/rsscanf.o
                0x00000000000088c4                rsscanf
 .text          0x0000000000008b94      0xa40 obj/default/xprintf.o
                0x0000000000008b94                xputc
                0x0000000000008c0c                xputc_for_xsprintf
                0x0000000000008cb0                xfputs_or_to_string
                0x0000000000008d1c                xputs
                0x0000000000008d2c                xfputs
                0x00000000000091e0                xprintf
                0x0000000000009214                xsprintf
                0x0000000000009250                xfprintf
                0x000000000000927c                put_dump
                0x0000000000009390                xfgets
                0x0000000000009458                xgets
                0x000000000000946c                xatoi
 .text          0x00000000000095d4      0x1b4 c:/intelfpga/18.1/nios2eds/bin/gnu/h-x86_64-mingw32/bin/../lib/gcc/nios2-elf/5.3.0\libgcc.a(lib2-divmod.o)
                0x00000000000095d4                __divsi3
                0x0000000000009658                __modsi3
                0x00000000000096cc                __udivsi3
                0x0000000000009730                __umodsi3
 .text          0x0000000000009788        0x0 c:/intelfpga/18.1/nios2eds/bin/gnu/h-x86_64-mingw32/bin/../lib/gcc/nios2-elf/5.3.0/../../../../../H-x86_64-mingw32/nios2-elf/lib\libsmallc.a(lib_a-atoi.o)
 .text.atoi     0x0000000000009788        0xc c:/intelfpga/18.1/nios2eds/bin/gnu/h-x86_64-mingw32/bin/../lib/gcc/nios2-elf/5.3.0/../../../../../H-x86_64-mingw32/nios2-elf/lib\libsmallc.a(lib_a-atoi.o)
                0x0000000000009788                atoi
 .text._atoi_r  0x0000000000009794        0xc c:/intelfpga/18.1/nios2eds/bin/gnu/h-x86_64-mingw32/bin/../lib/gcc/nios2-elf/5.3.0/../../../../../H-x86_64-mingw32/nios2-elf/lib\libsmallc.a(lib_a-atoi.o)
                0x0000000000009794                _atoi_r
 .text          0x00000000000097a0        0x0 c:/intelfpga/18.1/nios2eds/bin/gnu/h-x86_64-mingw32/bin/../lib/gcc/nios2-elf/5.3.0/../../../../../H-x86_64-mingw32/nios2-elf/lib\libsmallc.a(lib_a-malloc.o)
 .text.malloc   0x00000000000097a0       0x14 c:/intelfpga/18.1/nios2eds/bin/gnu/h-x86_64-mingw32/bin/../lib/gcc/nios2-elf/5.3.0/../../../../../H-x86_64-mingw32/nios2-elf/lib\libsmallc.a(lib_a-malloc.o)
                0x00000000000097a0                malloc
 .text.free     0x00000000000097b4       0x14 c:/intelfpga/18.1/nios2eds/bin/gnu/h-x86_64-mingw32/bin/../lib/gcc/nios2-elf/5.3.0/../../../../../H-x86_64-mingw32/nios2-elf/lib\libsmallc.a(lib_a-malloc.o)
                0x00000000000097b4                free
 .text          0x00000000000097c8        0x0 c:/intelfpga/18.1/nios2eds/bin/gnu/h-x86_64-mingw32/bin/../lib/gcc/nios2-elf/5.3.0/../../../../../H-x86_64-mingw32/nios2-elf/lib\libsmallc.a(lib_a-nano-freer.o)
 .text._free_r  0x00000000000097c8       0xe4 c:/intelfpga/18.1/nios2eds/bin/gnu/h-x86_64-mingw32/bin/../lib/gcc/nios2-elf/5.3.0/../../../../../H-x86_64-mingw32/nios2-elf/lib\libsmallc.a(lib_a-nano-freer.o)
                0x00000000000097c8                _free_r
 .text          0x00000000000098ac        0x0 c:/intelfpga/18.1/nios2eds/bin/gnu/h-x86_64-mingw32/bin/../lib/gcc/nios2-elf/5.3.0/../../../../../H-x86_64-mingw32/nios2-elf/lib\libsmallc.a(lib_a-nano-mallocr.o)
 .text._malloc_r
                0x00000000000098ac      0x158 c:/intelfpga/18.1/nios2eds/bin/gnu/h-x86_64-mingw32/bin/../lib/gcc/nios2-elf/5.3.0/../../../../../H-x86_64-mingw32/nios2-elf/lib\libsmallc.a(lib_a-nano-mallocr.o)
                0x00000000000098ac                _malloc_r
 .text          0x0000000000009a04        0x0 c:/intelfpga/18.1/nios2eds/bin/gnu/h-x86_64-mingw32/bin/../lib/gcc/nios2-elf/5.3.0/../../../../../H-x86_64-mingw32/nios2-elf/lib\libsmallc.a(lib_a-sbrkr.o)
 .text._sbrk_r  0x0000000000009a04       0x50 c:/intelfpga/18.1/nios2eds/bin/gnu/h-x86_64-mingw32/bin/../lib/gcc/nios2-elf/5.3.0/../../../../../H-x86_64-mingw32/nios2-elf/lib\libsmallc.a(lib_a-sbrkr.o)
                0x0000000000009a04                _sbrk_r
 .text          0x0000000000009a54        0x0 c:/intelfpga/18.1/nios2eds/bin/gnu/h-x86_64-mingw32/bin/../lib/gcc/nios2-elf/5.3.0/../../../../../H-x86_64-mingw32/nios2-elf/lib\libsmallc.a(lib_a-strcat.o)
 .text.strcat   0x0000000000009a54       0x3c c:/intelfpga/18.1/nios2eds/bin/gnu/h-x86_64-mingw32/bin/../lib/gcc/nios2-elf/5.3.0/../../../../../H-x86_64-mingw32/nios2-elf/lib\libsmallc.a(lib_a-strcat.o)
                0x0000000000009a54                strcat
 .text          0x0000000000009a90        0x0 c:/intelfpga/18.1/nios2eds/bin/gnu/h-x86_64-mingw32/bin/../lib/gcc/nios2-elf/5.3.0/../../../../../H-x86_64-mingw32/nios2-elf/lib\libsmallc.a(lib_a-strchr.o)
 .text.strchr   0x0000000000009a90       0x30 c:/intelfpga/18.1/nios2eds/bin/gnu/h-x86_64-mingw32/bin/../lib/gcc/nios2-elf/5.3.0/../../../../../H-x86_64-mingw32/nios2-elf/lib\libsmallc.a(lib_a-strchr.o)
                0x0000000000009a90                strchr
 .text          0x0000000000009ac0        0x0 c:/intelfpga/18.1/nios2eds/bin/gnu/h-x86_64-mingw32/bin/../lib/gcc/nios2-elf/5.3.0/../../../../../H-x86_64-mingw32/nios2-elf/lib\libsmallc.a(lib_a-strcmp.o)
 .text.strcmp   0x0000000000009ac0       0x38 c:/intelfpga/18.1/nios2eds/bin/gnu/h-x86_64-mingw32/bin/../lib/gcc/nios2-elf/5.3.0/../../../../../H-x86_64-mingw32/nios2-elf/lib\libsmallc.a(lib_a-strcmp.o)
                0x0000000000009ac0                strcmp
 .text          0x0000000000009af8        0x0 c:/intelfpga/18.1/nios2eds/bin/gnu/h-x86_64-mingw32/bin/../lib/gcc/nios2-elf/5.3.0/../../../../../H-x86_64-mingw32/nios2-elf/lib\libsmallc.a(lib_a-strlen.o)
 .text.strlen   0x0000000000009af8       0x1c c:/intelfpga/18.1/nios2eds/bin/gnu/h-x86_64-mingw32/bin/../lib/gcc/nios2-elf/5.3.0/../../../../../H-x86_64-mingw32/nios2-elf/lib\libsmallc.a(lib_a-strlen.o)
                0x0000000000009af8                strlen
 .text          0x0000000000009b14        0x0 c:/intelfpga/18.1/nios2eds/bin/gnu/h-x86_64-mingw32/bin/../lib/gcc/nios2-elf/5.3.0/../../../../../H-x86_64-mingw32/nios2-elf/lib\libsmallc.a(lib_a-strstr.o)
 .text.strstr   0x0000000000009b14       0x60 c:/intelfpga/18.1/nios2eds/bin/gnu/h-x86_64-mingw32/bin/../lib/gcc/nios2-elf/5.3.0/../../../../../H-x86_64-mingw32/nios2-elf/lib\libsmallc.a(lib_a-strstr.o)
                0x0000000000009b14                strstr
 .text          0x0000000000009b74        0x0 c:/intelfpga/18.1/nios2eds/bin/gnu/h-x86_64-mingw32/bin/../lib/gcc/nios2-elf/5.3.0/../../../../../H-x86_64-mingw32/nios2-elf/lib\libsmallc.a(lib_a-strtol.o)
 .text._strtol_r
                0x0000000000009b74      0x210 c:/intelfpga/18.1/nios2eds/bin/gnu/h-x86_64-mingw32/bin/../lib/gcc/nios2-elf/5.3.0/../../../../../H-x86_64-mingw32/nios2-elf/lib\libsmallc.a(lib_a-strtol.o)
                0x0000000000009b74                _strtol_r
 .text.strtol   0x0000000000009d84       0x1c c:/intelfpga/18.1/nios2eds/bin/gnu/h-x86_64-mingw32/bin/../lib/gcc/nios2-elf/5.3.0/../../../../../H-x86_64-mingw32/nios2-elf/lib\libsmallc.a(lib_a-strtol.o)
                0x0000000000009d84                strtol
 .text          0x0000000000009da0        0x0 c:/intelfpga/18.1/nios2eds/bin/gnu/h-x86_64-mingw32/bin/../lib/gcc/nios2-elf/5.3.0/../../../../../H-x86_64-mingw32/nios2-elf/lib\libsmallc.a(lib_a-ctype_.o)
 .text          0x0000000000009da0        0x0 c:/intelfpga/18.1/nios2eds/bin/gnu/h-x86_64-mingw32/bin/../lib/gcc/nios2-elf/5.3.0/../../../../../H-x86_64-mingw32/nios2-elf/lib\libsmallc.a(lib_a-impure.o)
 .text          0x0000000000009da0        0x0 c:/intelfpga/18.1/nios2eds/bin/gnu/h-x86_64-mingw32/bin/../lib/gcc/nios2-elf/5.3.0/../../../../../H-x86_64-mingw32/nios2-elf/lib\libsmallc.a(lib_a-int_errno.o)
 .text          0x0000000000009da0       0x64 ../hello_world_bsp/\libhal_bsp.a(alt_getchar.o)
                0x0000000000009da0                alt_getchar
 .text          0x0000000000009e04      0x1b0 ../hello_world_bsp/\libhal_bsp.a(alt_iic.o)
                0x0000000000009e04                alt_ic_isr_register
                0x0000000000009e54                alt_ic_irq_enable
                0x0000000000009edc                alt_ic_irq_disable
                0x0000000000009f68                alt_ic_irq_enabled
 .text          0x0000000000009fb4       0xf0 ../hello_world_bsp/\libhal_bsp.a(alt_iic_isr_register.o)
                0x0000000000009fb4                alt_iic_isr_register
 .text          0x000000000000a0a4        0x0 ../hello_world_bsp/\libhal_bsp.a(alt_irq_entry.o)
 .text          0x000000000000a0a4        0x0 ../hello_world_bsp/\libhal_bsp.a(alt_irq_handler.o)
 .text          0x000000000000a0a4        0x0 ../hello_world_bsp/\libhal_bsp.a(alt_irq_vars.o)
 .text          0x000000000000a0a4       0xec ../hello_world_bsp/\libhal_bsp.a(alt_load.o)
                0x000000000000a10c                alt_load
 .text          0x000000000000a190       0x50 ../hello_world_bsp/\libhal_bsp.a(alt_main.o)
                0x000000000000a190                alt_main
 .text          0x000000000000a1e0       0x5c ../hello_world_bsp/\libhal_bsp.a(alt_putchar.o)
                0x000000000000a1e0                alt_putchar
 .text          0x000000000000a23c       0xb0 ../hello_world_bsp/\libhal_bsp.a(alt_sbrk.o)
                0x000000000000a23c                sbrk
 .text          0x000000000000a2ec       0x7c ../hello_world_bsp/\libhal_bsp.a(alt_sys_init.o)
                0x000000000000a2ec                alt_irq_init
                0x000000000000a324                alt_sys_init
 .text          0x000000000000a368       0xec ../hello_world_bsp/\libhal_bsp.a(altera_avalon_jtag_uart_read.o)
                0x000000000000a368                altera_avalon_jtag_uart_read
 .text          0x000000000000a454       0x94 ../hello_world_bsp/\libhal_bsp.a(altera_avalon_jtag_uart_write.o)
                0x000000000000a454                altera_avalon_jtag_uart_write
 .text          0x000000000000a4e8       0xf4 ../hello_world_bsp/\libhal_bsp.a(altera_avalon_timer_sc.o)
                0x000000000000a560                alt_avalon_timer_sc_init
 .text          0x000000000000a5dc       0x78 ../hello_world_bsp/\libhal_bsp.a(alt_close.o)
                0x000000000000a618                close
 .text          0x000000000000a654       0x48 ../hello_world_bsp/\libhal_bsp.a(alt_dcache_flush_all.o)
                0x000000000000a654                alt_dcache_flush_all
 .text          0x000000000000a69c       0x2c ../hello_world_bsp/\libhal_bsp.a(alt_dev.o)
 .text          0x000000000000a6c8        0x0 ../hello_world_bsp/\libhal_bsp.a(alt_errno.o)
 .text          0x000000000000a6c8        0x0 ../hello_world_bsp/\libhal_bsp.a(alt_exception_entry.o)
 .text          0x000000000000a6c8       0x34 ../hello_world_bsp/\libhal_bsp.a(alt_icache_flush_all.o)
                0x000000000000a6c8                alt_icache_flush_all
 .text          0x000000000000a6fc       0x9c ../hello_world_bsp/\libhal_bsp.a(alt_instruction_exception_entry.o)
                0x000000000000a6fc                alt_exception_cause_generated_bad_addr
 .text          0x000000000000a798      0x1a4 ../hello_world_bsp/\libhal_bsp.a(alt_tick.o)
                0x000000000000a798                alt_alarm_stop
                0x000000000000a834                alt_tick
 .text          0x000000000000a93c       0x24 ../hello_world_bsp/\libhal_bsp.a(altera_nios2_gen2_irq.o)
                0x000000000000a93c                altera_nios2_gen2_irq_init
 .text          0x000000000000a960       0x90 ../hello_world_bsp/\libhal_bsp.a(alt_icache_flush.o)
                0x000000000000a960                alt_icache_flush
 .text          0x000000000000a9f0        0x0 c:/intelfpga/18.1/nios2eds/bin/gnu/h-x86_64-mingw32/bin/../lib/gcc/nios2-elf/5.3.0/../../../../../H-x86_64-mingw32/nios2-elf/lib\libsmallc.a(lib_a-exit.o)
 .text.exit     0x000000000000a9f0       0x20 c:/intelfpga/18.1/nios2eds/bin/gnu/h-x86_64-mingw32/bin/../lib/gcc/nios2-elf/5.3.0/../../../../../H-x86_64-mingw32/nios2-elf/lib\libsmallc.a(lib_a-exit.o)
                0x000000000000a9f0                exit
 .text          0x000000000000aa10        0x0 c:/intelfpga/18.1/nios2eds/bin/gnu/h-x86_64-mingw32/bin/../lib/gcc/nios2-elf/5.3.0/../../../../../H-x86_64-mingw32/nios2-elf/lib\libsmallc.a(lib_a-__call_atexit.o)
 .text.__call_exitprocs
                0x000000000000aa10      0x190 c:/intelfpga/18.1/nios2eds/bin/gnu/h-x86_64-mingw32/bin/../lib/gcc/nios2-elf/5.3.0/../../../../../H-x86_64-mingw32/nios2-elf/lib\libsmallc.a(lib_a-__call_atexit.o)
                0x000000000000aa10                __call_exitprocs
 .text          0x000000000000aba0       0x34 ../hello_world_bsp/\libhal_bsp.a(alt_exit.o)
                0x000000000000aba0                _exit
 *(.gnu.warning.*)
 *(.fini)
                [!provide]                        PROVIDE (__etext, ABSOLUTE (.))
                [!provide]                        PROVIDE (_etext, ABSOLUTE (.))
                [!provide]                        PROVIDE (etext, ABSOLUTE (.))
 *(.eh_frame_hdr)
                0x000000000000abd4                . = ALIGN (0x4)
                [!provide]                        PROVIDE (__preinit_array_start, ABSOLUTE (.))
 *(.preinit_array)
                [!provide]                        PROVIDE (__preinit_array_end, ABSOLUTE (.))
                [!provide]                        PROVIDE (__init_array_start, ABSOLUTE (.))
 *(.init_array)
                [!provide]                        PROVIDE (__init_array_end, ABSOLUTE (.))
                [!provide]                        PROVIDE (__fini_array_start, ABSOLUTE (.))
 *(.fini_array)
                [!provide]                        PROVIDE (__fini_array_end, ABSOLUTE (.))
 *(.eh_frame)
 *(.gcc_except_table .gcc_except_table.*)
 *(.dynamic)
                [!provide]                        PROVIDE (__CTOR_LIST__, ABSOLUTE (.))
 *(.ctors)
 *(SORT(.ctors.*))
                [!provide]                        PROVIDE (__CTOR_END__, ABSOLUTE (.))
                [!provide]                        PROVIDE (__DTOR_LIST__, ABSOLUTE (.))
 *(.dtors)
 *(SORT(.dtors.*))
                [!provide]                        PROVIDE (__DTOR_END__, ABSOLUTE (.))
 *(.jcr)
                0x000000000000abd4                . = ALIGN (0x4)

.rodata         0x000000000000abd4      0x400
                0x000000000000abd4                PROVIDE (__ram_rodata_start, ABSOLUTE (.))
                0x000000000000abd4                . = ALIGN (0x4)
 *(.rodata .rodata.* .gnu.linkonce.r.*)
 .rodata.str1.4
                0x000000000000abd4      0x142 obj/default/src/control.o
                                        0x146 (size before relaxing)
 *fill*         0x000000000000ad16        0x2 
 .rodata.str1.4
                0x000000000000ad18        0x9 obj/default/src/uart.o
 *fill*         0x000000000000ad21        0x3 
 .rodata.str1.4
                0x000000000000ad24       0x20 obj/default/xprintf.o
                                         0x1f (size before relaxing)
 .rodata._ctype_
                0x000000000000ad44      0x101 c:/intelfpga/18.1/nios2eds/bin/gnu/h-x86_64-mingw32/bin/../lib/gcc/nios2-elf/5.3.0/../../../../../H-x86_64-mingw32/nios2-elf/lib\libsmallc.a(lib_a-ctype_.o)
                0x000000000000ad44                _ctype_
 .rodata._ctype_b
                0x000000000000ae45      0x180 c:/intelfpga/18.1/nios2eds/bin/gnu/h-x86_64-mingw32/bin/../lib/gcc/nios2-elf/5.3.0/../../../../../H-x86_64-mingw32/nios2-elf/lib\libsmallc.a(lib_a-ctype_.o)
 *fill*         0x000000000000afc5        0x3 
 .rodata        0x000000000000afc8        0xa ../hello_world_bsp/\libhal_bsp.a(alt_dev.o)
 *(.rodata1)
                0x000000000000afd4                . = ALIGN (0x4)
 *fill*         0x000000000000afd2        0x2 
                0x000000000000afd4                PROVIDE (__ram_rodata_end, ABSOLUTE (.))
                0x000000000000abd4                PROVIDE (__flash_rodata_start, LOADADDR (.rodata))

.rwdata         0x000000000000afd4      0x2c0 load address 0x000000000000b294
                0x000000000000afd4                PROVIDE (__ram_rwdata_start, ABSOLUTE (.))
                0x000000000000afd4                . = ALIGN (0x4)
 *(.got.plt)
 *(.got)
 *(.data1)
 *(.data .data.* .gnu.linkonce.d.*)
 .data          0x000000000000afd4        0x0 ../hello_world_bsp//obj/HAL/src/crt0.o
 .data          0x000000000000afd4        0x0 obj/default/src/control.o
 .data          0x000000000000afd4        0x0 obj/default/src/hello_world.o
 .data          0x000000000000afd4        0x0 obj/default/src/setup.o
 .data          0x000000000000afd4        0x0 obj/default/src/timer.o
 .data          0x000000000000afd4        0x0 obj/default/src/uart.o
 .data          0x000000000000afd4        0x0 obj/default/rsscanf.o
 .data          0x000000000000afd4        0x0 obj/default/xprintf.o
 .data          0x000000000000afd4        0x0 c:/intelfpga/18.1/nios2eds/bin/gnu/h-x86_64-mingw32/bin/../lib/gcc/nios2-elf/5.3.0\libgcc.a(lib2-divmod.o)
 .data          0x000000000000afd4        0x0 c:/intelfpga/18.1/nios2eds/bin/gnu/h-x86_64-mingw32/bin/../lib/gcc/nios2-elf/5.3.0/../../../../../H-x86_64-mingw32/nios2-elf/lib\libsmallc.a(lib_a-atoi.o)
 .data          0x000000000000afd4        0x0 c:/intelfpga/18.1/nios2eds/bin/gnu/h-x86_64-mingw32/bin/../lib/gcc/nios2-elf/5.3.0/../../../../../H-x86_64-mingw32/nios2-elf/lib\libsmallc.a(lib_a-malloc.o)
 .data          0x000000000000afd4        0x0 c:/intelfpga/18.1/nios2eds/bin/gnu/h-x86_64-mingw32/bin/../lib/gcc/nios2-elf/5.3.0/../../../../../H-x86_64-mingw32/nios2-elf/lib\libsmallc.a(lib_a-nano-freer.o)
 .data          0x000000000000afd4        0x0 c:/intelfpga/18.1/nios2eds/bin/gnu/h-x86_64-mingw32/bin/../lib/gcc/nios2-elf/5.3.0/../../../../../H-x86_64-mingw32/nios2-elf/lib\libsmallc.a(lib_a-nano-mallocr.o)
 .data          0x000000000000afd4        0x0 c:/intelfpga/18.1/nios2eds/bin/gnu/h-x86_64-mingw32/bin/../lib/gcc/nios2-elf/5.3.0/../../../../../H-x86_64-mingw32/nios2-elf/lib\libsmallc.a(lib_a-sbrkr.o)
 .data          0x000000000000afd4        0x0 c:/intelfpga/18.1/nios2eds/bin/gnu/h-x86_64-mingw32/bin/../lib/gcc/nios2-elf/5.3.0/../../../../../H-x86_64-mingw32/nios2-elf/lib\libsmallc.a(lib_a-strcat.o)
 .data          0x000000000000afd4        0x0 c:/intelfpga/18.1/nios2eds/bin/gnu/h-x86_64-mingw32/bin/../lib/gcc/nios2-elf/5.3.0/../../../../../H-x86_64-mingw32/nios2-elf/lib\libsmallc.a(lib_a-strchr.o)
 .data          0x000000000000afd4        0x0 c:/intelfpga/18.1/nios2eds/bin/gnu/h-x86_64-mingw32/bin/../lib/gcc/nios2-elf/5.3.0/../../../../../H-x86_64-mingw32/nios2-elf/lib\libsmallc.a(lib_a-strcmp.o)
 .data          0x000000000000afd4        0x0 c:/intelfpga/18.1/nios2eds/bin/gnu/h-x86_64-mingw32/bin/../lib/gcc/nios2-elf/5.3.0/../../../../../H-x86_64-mingw32/nios2-elf/lib\libsmallc.a(lib_a-strlen.o)
 .data          0x000000000000afd4        0x0 c:/intelfpga/18.1/nios2eds/bin/gnu/h-x86_64-mingw32/bin/../lib/gcc/nios2-elf/5.3.0/../../../../../H-x86_64-mingw32/nios2-elf/lib\libsmallc.a(lib_a-strstr.o)
 .data          0x000000000000afd4        0x0 c:/intelfpga/18.1/nios2eds/bin/gnu/h-x86_64-mingw32/bin/../lib/gcc/nios2-elf/5.3.0/../../../../../H-x86_64-mingw32/nios2-elf/lib\libsmallc.a(lib_a-strtol.o)
 .data          0x000000000000afd4        0x0 c:/intelfpga/18.1/nios2eds/bin/gnu/h-x86_64-mingw32/bin/../lib/gcc/nios2-elf/5.3.0/../../../../../H-x86_64-mingw32/nios2-elf/lib\libsmallc.a(lib_a-ctype_.o)
 .data          0x000000000000afd4        0x0 c:/intelfpga/18.1/nios2eds/bin/gnu/h-x86_64-mingw32/bin/../lib/gcc/nios2-elf/5.3.0/../../../../../H-x86_64-mingw32/nios2-elf/lib\libsmallc.a(lib_a-impure.o)
 .data.impure_data
                0x000000000000afd4       0xe0 c:/intelfpga/18.1/nios2eds/bin/gnu/h-x86_64-mingw32/bin/../lib/gcc/nios2-elf/5.3.0/../../../../../H-x86_64-mingw32/nios2-elf/lib\libsmallc.a(lib_a-impure.o)
 .data          0x000000000000b0b4        0x0 c:/intelfpga/18.1/nios2eds/bin/gnu/h-x86_64-mingw32/bin/../lib/gcc/nios2-elf/5.3.0/../../../../../H-x86_64-mingw32/nios2-elf/lib\libsmallc.a(lib_a-int_errno.o)
 .data          0x000000000000b0b4        0x0 ../hello_world_bsp/\libhal_bsp.a(alt_getchar.o)
 .data          0x000000000000b0b4        0x0 ../hello_world_bsp/\libhal_bsp.a(alt_iic.o)
 .data          0x000000000000b0b4        0x0 ../hello_world_bsp/\libhal_bsp.a(alt_iic_isr_register.o)
 .data          0x000000000000b0b4        0x0 ../hello_world_bsp/\libhal_bsp.a(alt_irq_entry.o)
 .data          0x000000000000b0b4        0x0 ../hello_world_bsp/\libhal_bsp.a(alt_irq_handler.o)
 .data          0x000000000000b0b4        0x0 ../hello_world_bsp/\libhal_bsp.a(alt_irq_vars.o)
 .data          0x000000000000b0b4        0x0 ../hello_world_bsp/\libhal_bsp.a(alt_load.o)
 .data          0x000000000000b0b4        0x0 ../hello_world_bsp/\libhal_bsp.a(alt_main.o)
 .data          0x000000000000b0b4        0x0 ../hello_world_bsp/\libhal_bsp.a(alt_putchar.o)
 .data          0x000000000000b0b4        0x0 ../hello_world_bsp/\libhal_bsp.a(alt_sbrk.o)
 .data          0x000000000000b0b4        0x0 ../hello_world_bsp/\libhal_bsp.a(alt_sys_init.o)
 .data          0x000000000000b0b4        0x0 ../hello_world_bsp/\libhal_bsp.a(altera_avalon_jtag_uart_read.o)
 .data          0x000000000000b0b4        0x0 ../hello_world_bsp/\libhal_bsp.a(altera_avalon_jtag_uart_write.o)
 .data          0x000000000000b0b4        0x0 ../hello_world_bsp/\libhal_bsp.a(altera_avalon_timer_sc.o)
 .data          0x000000000000b0b4        0x0 ../hello_world_bsp/\libhal_bsp.a(alt_close.o)
 .data          0x000000000000b0b4        0x0 ../hello_world_bsp/\libhal_bsp.a(alt_dcache_flush_all.o)
 .data          0x000000000000b0b4      0x1a8 ../hello_world_bsp/\libhal_bsp.a(alt_dev.o)
                0x000000000000b0b4                alt_dev_null
                0x000000000000b0dc                alt_fd_list
 .data          0x000000000000b25c        0x0 ../hello_world_bsp/\libhal_bsp.a(alt_errno.o)
 .data          0x000000000000b25c        0x0 ../hello_world_bsp/\libhal_bsp.a(alt_exception_entry.o)
 .data          0x000000000000b25c        0x0 ../hello_world_bsp/\libhal_bsp.a(alt_icache_flush_all.o)
 .data          0x000000000000b25c        0x0 ../hello_world_bsp/\libhal_bsp.a(alt_instruction_exception_entry.o)
 .data          0x000000000000b25c        0x0 ../hello_world_bsp/\libhal_bsp.a(alt_tick.o)
 .data          0x000000000000b25c        0x0 ../hello_world_bsp/\libhal_bsp.a(altera_nios2_gen2_irq.o)
 .data          0x000000000000b25c        0x0 ../hello_world_bsp/\libhal_bsp.a(alt_icache_flush.o)
 .data          0x000000000000b25c        0x0 c:/intelfpga/18.1/nios2eds/bin/gnu/h-x86_64-mingw32/bin/../lib/gcc/nios2-elf/5.3.0/../../../../../H-x86_64-mingw32/nios2-elf/lib\libsmallc.a(lib_a-exit.o)
 .data          0x000000000000b25c        0x0 c:/intelfpga/18.1/nios2eds/bin/gnu/h-x86_64-mingw32/bin/../lib/gcc/nios2-elf/5.3.0/../../../../../H-x86_64-mingw32/nios2-elf/lib\libsmallc.a(lib_a-__call_atexit.o)
 .data          0x000000000000b25c        0x0 ../hello_world_bsp/\libhal_bsp.a(alt_exit.o)
                0x000000000001325c                _gp = ABSOLUTE ((. + 0x8000))
                [!provide]                        PROVIDE (gp, _gp)
 *(.rwdata .rwdata.*)
 *(.sdata .sdata.* .gnu.linkonce.s.*)
 .sdata.__ctype_ptr__
                0x000000000000b25c        0x4 c:/intelfpga/18.1/nios2eds/bin/gnu/h-x86_64-mingw32/bin/../lib/gcc/nios2-elf/5.3.0/../../../../../H-x86_64-mingw32/nios2-elf/lib\libsmallc.a(lib_a-ctype_.o)
                0x000000000000b25c                __ctype_ptr__
 .sdata._global_impure_ptr
                0x000000000000b260        0x4 c:/intelfpga/18.1/nios2eds/bin/gnu/h-x86_64-mingw32/bin/../lib/gcc/nios2-elf/5.3.0/../../../../../H-x86_64-mingw32/nios2-elf/lib\libsmallc.a(lib_a-impure.o)
                0x000000000000b260                _global_impure_ptr
 .sdata._impure_ptr
                0x000000000000b264        0x4 c:/intelfpga/18.1/nios2eds/bin/gnu/h-x86_64-mingw32/bin/../lib/gcc/nios2-elf/5.3.0/../../../../../H-x86_64-mingw32/nios2-elf/lib\libsmallc.a(lib_a-impure.o)
                0x000000000000b264                _impure_ptr
 .sdata         0x000000000000b268        0x4 ../hello_world_bsp/\libhal_bsp.a(alt_irq_vars.o)
                0x000000000000b268                alt_priority_mask
 .sdata         0x000000000000b26c        0x4 ../hello_world_bsp/\libhal_bsp.a(alt_sbrk.o)
 .sdata         0x000000000000b270        0x4 ../hello_world_bsp/\libhal_bsp.a(alt_sys_init.o)
                0x000000000000b270                jtag_uart_0
 .sdata         0x000000000000b274       0x14 ../hello_world_bsp/\libhal_bsp.a(alt_dev.o)
                0x000000000000b274                alt_fs_list
                0x000000000000b27c                alt_dev_list
                0x000000000000b284                alt_max_fd
 .sdata         0x000000000000b288        0x4 ../hello_world_bsp/\libhal_bsp.a(alt_errno.o)
                0x000000000000b288                alt_errno
 .sdata         0x000000000000b28c        0x8 ../hello_world_bsp/\libhal_bsp.a(alt_tick.o)
                0x000000000000b28c                alt_alarm_list
 *(.sdata2 .sdata2.* .gnu.linkonce.s2.*)
                0x000000000000b294                . = ALIGN (0x4)
                0x000000000000b294                _edata = ABSOLUTE (.)
                [!provide]                        PROVIDE (edata, ABSOLUTE (.))
                0x000000000000b294                PROVIDE (__ram_rwdata_end, ABSOLUTE (.))
                0x000000000000b294                PROVIDE (__flash_rwdata_start, LOADADDR (.rwdata))

.bss            0x000000000000b554      0x238
                0x000000000000b554                __bss_start = ABSOLUTE (.)
                [!provide]                        PROVIDE (__sbss_start, ABSOLUTE (.))
                [!provide]                        PROVIDE (___sbss_start, ABSOLUTE (.))
 *(.dynsbss)
 *(.sbss .sbss.* .gnu.linkonce.sb.*)
 .sbss          0x000000000000b554        0x4 obj/default/src/timer.o
                0x000000000000b554                timer_flag
 .sbss          0x000000000000b558        0x8 obj/default/xprintf.o
                0x000000000000b558                xfunc_in
                0x000000000000b55c                xfunc_out
 .sbss.__malloc_sbrk_start
                0x000000000000b560        0x4 c:/intelfpga/18.1/nios2eds/bin/gnu/h-x86_64-mingw32/bin/../lib/gcc/nios2-elf/5.3.0/../../../../../H-x86_64-mingw32/nios2-elf/lib\libsmallc.a(lib_a-nano-mallocr.o)
                0x000000000000b560                __malloc_sbrk_start
 .sbss.__malloc_free_list
                0x000000000000b564        0x4 c:/intelfpga/18.1/nios2eds/bin/gnu/h-x86_64-mingw32/bin/../lib/gcc/nios2-elf/5.3.0/../../../../../H-x86_64-mingw32/nios2-elf/lib\libsmallc.a(lib_a-nano-mallocr.o)
                0x000000000000b564                __malloc_free_list
 .sbss          0x000000000000b568        0x4 c:/intelfpga/18.1/nios2eds/bin/gnu/h-x86_64-mingw32/bin/../lib/gcc/nios2-elf/5.3.0/../../../../../H-x86_64-mingw32/nios2-elf/lib\libsmallc.a(lib_a-int_errno.o)
                0x000000000000b568                errno
 .sbss          0x000000000000b56c        0x4 ../hello_world_bsp/\libhal_bsp.a(alt_irq_vars.o)
                0x000000000000b56c                alt_irq_active
 .sbss          0x000000000000b570        0xc ../hello_world_bsp/\libhal_bsp.a(alt_main.o)
                0x000000000000b570                alt_argc
                0x000000000000b574                alt_argv
                0x000000000000b578                alt_envp
 .sbss          0x000000000000b57c        0x4 ../hello_world_bsp/\libhal_bsp.a(alt_sys_init.o)
                0x000000000000b57c                uart_0
 .sbss          0x000000000000b580        0x4 ../hello_world_bsp/\libhal_bsp.a(alt_instruction_exception_entry.o)
                0x000000000000b580                alt_instruction_exception_handler
 .sbss          0x000000000000b584        0x8 ../hello_world_bsp/\libhal_bsp.a(alt_tick.o)
                0x000000000000b584                _alt_tick_rate
                0x000000000000b588                _alt_nticks
 *(.sbss2 .sbss2.* .gnu.linkonce.sb2.*)
 *(.scommon)
                [!provide]                        PROVIDE (__sbss_end, ABSOLUTE (.))
                [!provide]                        PROVIDE (___sbss_end, ABSOLUTE (.))
 *(.dynbss)
 *(.bss .bss.* .gnu.linkonce.b.*)
 .bss           0x000000000000b58c        0x0 ../hello_world_bsp//obj/HAL/src/crt0.o
 .bss           0x000000000000b58c        0x0 obj/default/src/control.o
 .bss           0x000000000000b58c      0x100 obj/default/src/hello_world.o
                0x000000000000b58c                input
 .bss           0x000000000000b68c        0x0 obj/default/src/setup.o
 .bss           0x000000000000b68c        0x0 obj/default/src/timer.o
 .bss           0x000000000000b68c        0x0 obj/default/src/uart.o
 .bss           0x000000000000b68c        0x0 obj/default/rsscanf.o
 .bss           0x000000000000b68c        0x0 obj/default/xprintf.o
 .bss           0x000000000000b68c        0x0 c:/intelfpga/18.1/nios2eds/bin/gnu/h-x86_64-mingw32/bin/../lib/gcc/nios2-elf/5.3.0\libgcc.a(lib2-divmod.o)
 .bss           0x000000000000b68c        0x0 c:/intelfpga/18.1/nios2eds/bin/gnu/h-x86_64-mingw32/bin/../lib/gcc/nios2-elf/5.3.0/../../../../../H-x86_64-mingw32/nios2-elf/lib\libsmallc.a(lib_a-atoi.o)
 .bss           0x000000000000b68c        0x0 c:/intelfpga/18.1/nios2eds/bin/gnu/h-x86_64-mingw32/bin/../lib/gcc/nios2-elf/5.3.0/../../../../../H-x86_64-mingw32/nios2-elf/lib\libsmallc.a(lib_a-malloc.o)
 .bss           0x000000000000b68c        0x0 c:/intelfpga/18.1/nios2eds/bin/gnu/h-x86_64-mingw32/bin/../lib/gcc/nios2-elf/5.3.0/../../../../../H-x86_64-mingw32/nios2-elf/lib\libsmallc.a(lib_a-nano-freer.o)
 .bss           0x000000000000b68c        0x0 c:/intelfpga/18.1/nios2eds/bin/gnu/h-x86_64-mingw32/bin/../lib/gcc/nios2-elf/5.3.0/../../../../../H-x86_64-mingw32/nios2-elf/lib\libsmallc.a(lib_a-nano-mallocr.o)
 .bss           0x000000000000b68c        0x0 c:/intelfpga/18.1/nios2eds/bin/gnu/h-x86_64-mingw32/bin/../lib/gcc/nios2-elf/5.3.0/../../../../../H-x86_64-mingw32/nios2-elf/lib\libsmallc.a(lib_a-sbrkr.o)
 .bss           0x000000000000b68c        0x0 c:/intelfpga/18.1/nios2eds/bin/gnu/h-x86_64-mingw32/bin/../lib/gcc/nios2-elf/5.3.0/../../../../../H-x86_64-mingw32/nios2-elf/lib\libsmallc.a(lib_a-strcat.o)
 .bss           0x000000000000b68c        0x0 c:/intelfpga/18.1/nios2eds/bin/gnu/h-x86_64-mingw32/bin/../lib/gcc/nios2-elf/5.3.0/../../../../../H-x86_64-mingw32/nios2-elf/lib\libsmallc.a(lib_a-strchr.o)
 .bss           0x000000000000b68c        0x0 c:/intelfpga/18.1/nios2eds/bin/gnu/h-x86_64-mingw32/bin/../lib/gcc/nios2-elf/5.3.0/../../../../../H-x86_64-mingw32/nios2-elf/lib\libsmallc.a(lib_a-strcmp.o)
 .bss           0x000000000000b68c        0x0 c:/intelfpga/18.1/nios2eds/bin/gnu/h-x86_64-mingw32/bin/../lib/gcc/nios2-elf/5.3.0/../../../../../H-x86_64-mingw32/nios2-elf/lib\libsmallc.a(lib_a-strlen.o)
 .bss           0x000000000000b68c        0x0 c:/intelfpga/18.1/nios2eds/bin/gnu/h-x86_64-mingw32/bin/../lib/gcc/nios2-elf/5.3.0/../../../../../H-x86_64-mingw32/nios2-elf/lib\libsmallc.a(lib_a-strstr.o)
 .bss           0x000000000000b68c        0x0 c:/intelfpga/18.1/nios2eds/bin/gnu/h-x86_64-mingw32/bin/../lib/gcc/nios2-elf/5.3.0/../../../../../H-x86_64-mingw32/nios2-elf/lib\libsmallc.a(lib_a-strtol.o)
 .bss           0x000000000000b68c        0x0 c:/intelfpga/18.1/nios2eds/bin/gnu/h-x86_64-mingw32/bin/../lib/gcc/nios2-elf/5.3.0/../../../../../H-x86_64-mingw32/nios2-elf/lib\libsmallc.a(lib_a-ctype_.o)
 .bss           0x000000000000b68c        0x0 c:/intelfpga/18.1/nios2eds/bin/gnu/h-x86_64-mingw32/bin/../lib/gcc/nios2-elf/5.3.0/../../../../../H-x86_64-mingw32/nios2-elf/lib\libsmallc.a(lib_a-impure.o)
 .bss           0x000000000000b68c        0x0 c:/intelfpga/18.1/nios2eds/bin/gnu/h-x86_64-mingw32/bin/../lib/gcc/nios2-elf/5.3.0/../../../../../H-x86_64-mingw32/nios2-elf/lib\libsmallc.a(lib_a-int_errno.o)
 .bss           0x000000000000b68c        0x0 ../hello_world_bsp/\libhal_bsp.a(alt_getchar.o)
 .bss           0x000000000000b68c        0x0 ../hello_world_bsp/\libhal_bsp.a(alt_iic.o)
 .bss           0x000000000000b68c        0x0 ../hello_world_bsp/\libhal_bsp.a(alt_iic_isr_register.o)
 .bss           0x000000000000b68c        0x0 ../hello_world_bsp/\libhal_bsp.a(alt_irq_entry.o)
 .bss           0x000000000000b68c        0x0 ../hello_world_bsp/\libhal_bsp.a(alt_irq_handler.o)
 .bss           0x000000000000b68c        0x0 ../hello_world_bsp/\libhal_bsp.a(alt_irq_vars.o)
 .bss           0x000000000000b68c        0x0 ../hello_world_bsp/\libhal_bsp.a(alt_load.o)
 .bss           0x000000000000b68c        0x0 ../hello_world_bsp/\libhal_bsp.a(alt_main.o)
 .bss           0x000000000000b68c        0x0 ../hello_world_bsp/\libhal_bsp.a(alt_putchar.o)
 .bss           0x000000000000b68c        0x0 ../hello_world_bsp/\libhal_bsp.a(alt_sbrk.o)
 .bss           0x000000000000b68c        0x0 ../hello_world_bsp/\libhal_bsp.a(alt_sys_init.o)
 .bss           0x000000000000b68c        0x0 ../hello_world_bsp/\libhal_bsp.a(altera_avalon_jtag_uart_read.o)
 .bss           0x000000000000b68c        0x0 ../hello_world_bsp/\libhal_bsp.a(altera_avalon_jtag_uart_write.o)
 .bss           0x000000000000b68c        0x0 ../hello_world_bsp/\libhal_bsp.a(altera_avalon_timer_sc.o)
 .bss           0x000000000000b68c        0x0 ../hello_world_bsp/\libhal_bsp.a(alt_close.o)
 .bss           0x000000000000b68c        0x0 ../hello_world_bsp/\libhal_bsp.a(alt_dcache_flush_all.o)
 .bss           0x000000000000b68c        0x0 ../hello_world_bsp/\libhal_bsp.a(alt_dev.o)
 .bss           0x000000000000b68c        0x0 ../hello_world_bsp/\libhal_bsp.a(alt_errno.o)
 .bss           0x000000000000b68c        0x0 ../hello_world_bsp/\libhal_bsp.a(alt_exception_entry.o)
 .bss           0x000000000000b68c        0x0 ../hello_world_bsp/\libhal_bsp.a(alt_icache_flush_all.o)
 .bss           0x000000000000b68c        0x0 ../hello_world_bsp/\libhal_bsp.a(alt_instruction_exception_entry.o)
 .bss           0x000000000000b68c        0x0 ../hello_world_bsp/\libhal_bsp.a(alt_tick.o)
 .bss           0x000000000000b68c        0x0 ../hello_world_bsp/\libhal_bsp.a(altera_nios2_gen2_irq.o)
 .bss           0x000000000000b68c        0x0 ../hello_world_bsp/\libhal_bsp.a(alt_icache_flush.o)
 .bss           0x000000000000b68c        0x0 c:/intelfpga/18.1/nios2eds/bin/gnu/h-x86_64-mingw32/bin/../lib/gcc/nios2-elf/5.3.0/../../../../../H-x86_64-mingw32/nios2-elf/lib\libsmallc.a(lib_a-exit.o)
 .bss           0x000000000000b68c        0x0 c:/intelfpga/18.1/nios2eds/bin/gnu/h-x86_64-mingw32/bin/../lib/gcc/nios2-elf/5.3.0/../../../../../H-x86_64-mingw32/nios2-elf/lib\libsmallc.a(lib_a-__call_atexit.o)
 .bss           0x000000000000b68c        0x0 ../hello_world_bsp/\libhal_bsp.a(alt_exit.o)
 *(COMMON)
 COMMON         0x000000000000b68c      0x100 ../hello_world_bsp/\libhal_bsp.a(alt_irq_handler.o)
                0x000000000000b68c                alt_irq
                0x000000000000b78c                . = ALIGN (0x4)
                0x000000000000b78c                __bss_end = ABSOLUTE (.)

.onchip_mem     0x000000000000b78c        0x0
                [!provide]                        PROVIDE (_alt_partition_onchip_mem_start, ABSOLUTE (.))
 *(.onchip_mem .onchip_mem. onchip_mem.*)
                0x000000000000b78c                . = ALIGN (0x4)
                [!provide]                        PROVIDE (_alt_partition_onchip_mem_end, ABSOLUTE (.))
                0x000000000000b78c                _end = ABSOLUTE (.)
                0x000000000000b78c                end = ABSOLUTE (.)
                0x000000000000b78c                __alt_stack_base = ABSOLUTE (.)
                [!provide]                        PROVIDE (_alt_partition_onchip_mem_load_addr, LOADADDR (.onchip_mem))

.stab
 *(.stab)

.stabstr
 *(.stabstr)

.stab.excl
 *(.stab.excl)

.stab.exclstr
 *(.stab.exclstr)

.stab.index
 *(.stab.index)

.stab.indexstr
 *(.stab.indexstr)

.comment        0x0000000000000000       0x23
 *(.comment)
 .comment       0x0000000000000000       0x23 obj/default/src/control.o
                                         0x24 (size before relaxing)
 .comment       0x0000000000000023       0x24 obj/default/src/hello_world.o
 .comment       0x0000000000000023       0x24 obj/default/src/setup.o
 .comment       0x0000000000000023       0x24 obj/default/src/timer.o
 .comment       0x0000000000000023       0x24 obj/default/src/uart.o
 .comment       0x0000000000000023       0x24 obj/default/rsscanf.o
 .comment       0x0000000000000023       0x24 obj/default/xprintf.o
 .comment       0x0000000000000023       0x24 c:/intelfpga/18.1/nios2eds/bin/gnu/h-x86_64-mingw32/bin/../lib/gcc/nios2-elf/5.3.0\libgcc.a(lib2-divmod.o)
 .comment       0x0000000000000023       0x24 c:/intelfpga/18.1/nios2eds/bin/gnu/h-x86_64-mingw32/bin/../lib/gcc/nios2-elf/5.3.0/../../../../../H-x86_64-mingw32/nios2-elf/lib\libsmallc.a(lib_a-atoi.o)
 .comment       0x0000000000000023       0x24 c:/intelfpga/18.1/nios2eds/bin/gnu/h-x86_64-mingw32/bin/../lib/gcc/nios2-elf/5.3.0/../../../../../H-x86_64-mingw32/nios2-elf/lib\libsmallc.a(lib_a-malloc.o)
 .comment       0x0000000000000023       0x24 c:/intelfpga/18.1/nios2eds/bin/gnu/h-x86_64-mingw32/bin/../lib/gcc/nios2-elf/5.3.0/../../../../../H-x86_64-mingw32/nios2-elf/lib\libsmallc.a(lib_a-nano-freer.o)
 .comment       0x0000000000000023       0x24 c:/intelfpga/18.1/nios2eds/bin/gnu/h-x86_64-mingw32/bin/../lib/gcc/nios2-elf/5.3.0/../../../../../H-x86_64-mingw32/nios2-elf/lib\libsmallc.a(lib_a-nano-mallocr.o)
 .comment       0x0000000000000023       0x24 c:/intelfpga/18.1/nios2eds/bin/gnu/h-x86_64-mingw32/bin/../lib/gcc/nios2-elf/5.3.0/../../../../../H-x86_64-mingw32/nios2-elf/lib\libsmallc.a(lib_a-sbrkr.o)
 .comment       0x0000000000000023       0x24 c:/intelfpga/18.1/nios2eds/bin/gnu/h-x86_64-mingw32/bin/../lib/gcc/nios2-elf/5.3.0/../../../../../H-x86_64-mingw32/nios2-elf/lib\libsmallc.a(lib_a-strcat.o)
 .comment       0x0000000000000023       0x24 c:/intelfpga/18.1/nios2eds/bin/gnu/h-x86_64-mingw32/bin/../lib/gcc/nios2-elf/5.3.0/../../../../../H-x86_64-mingw32/nios2-elf/lib\libsmallc.a(lib_a-strchr.o)
 .comment       0x0000000000000023       0x24 c:/intelfpga/18.1/nios2eds/bin/gnu/h-x86_64-mingw32/bin/../lib/gcc/nios2-elf/5.3.0/../../../../../H-x86_64-mingw32/nios2-elf/lib\libsmallc.a(lib_a-strcmp.o)
 .comment       0x0000000000000023       0x24 c:/intelfpga/18.1/nios2eds/bin/gnu/h-x86_64-mingw32/bin/../lib/gcc/nios2-elf/5.3.0/../../../../../H-x86_64-mingw32/nios2-elf/lib\libsmallc.a(lib_a-strlen.o)
 .comment       0x0000000000000023       0x24 c:/intelfpga/18.1/nios2eds/bin/gnu/h-x86_64-mingw32/bin/../lib/gcc/nios2-elf/5.3.0/../../../../../H-x86_64-mingw32/nios2-elf/lib\libsmallc.a(lib_a-strstr.o)
 .comment       0x0000000000000023       0x24 c:/intelfpga/18.1/nios2eds/bin/gnu/h-x86_64-mingw32/bin/../lib/gcc/nios2-elf/5.3.0/../../../../../H-x86_64-mingw32/nios2-elf/lib\libsmallc.a(lib_a-strtol.o)
 .comment       0x0000000000000023       0x24 c:/intelfpga/18.1/nios2eds/bin/gnu/h-x86_64-mingw32/bin/../lib/gcc/nios2-elf/5.3.0/../../../../../H-x86_64-mingw32/nios2-elf/lib\libsmallc.a(lib_a-ctype_.o)
 .comment       0x0000000000000023       0x24 c:/intelfpga/18.1/nios2eds/bin/gnu/h-x86_64-mingw32/bin/../lib/gcc/nios2-elf/5.3.0/../../../../../H-x86_64-mingw32/nios2-elf/lib\libsmallc.a(lib_a-impure.o)
 .comment       0x0000000000000023       0x24 c:/intelfpga/18.1/nios2eds/bin/gnu/h-x86_64-mingw32/bin/../lib/gcc/nios2-elf/5.3.0/../../../../../H-x86_64-mingw32/nios2-elf/lib\libsmallc.a(lib_a-int_errno.o)
 .comment       0x0000000000000023       0x24 ../hello_world_bsp/\libhal_bsp.a(alt_getchar.o)
 .comment       0x0000000000000023       0x24 ../hello_world_bsp/\libhal_bsp.a(alt_iic.o)
 .comment       0x0000000000000023       0x24 ../hello_world_bsp/\libhal_bsp.a(alt_iic_isr_register.o)
 .comment       0x0000000000000023       0x24 ../hello_world_bsp/\libhal_bsp.a(alt_irq_handler.o)
 .comment       0x0000000000000023       0x24 ../hello_world_bsp/\libhal_bsp.a(alt_irq_vars.o)
 .comment       0x0000000000000023       0x24 ../hello_world_bsp/\libhal_bsp.a(alt_load.o)
 .comment       0x0000000000000023       0x24 ../hello_world_bsp/\libhal_bsp.a(alt_main.o)
 .comment       0x0000000000000023       0x24 ../hello_world_bsp/\libhal_bsp.a(alt_putchar.o)
 .comment       0x0000000000000023       0x24 ../hello_world_bsp/\libhal_bsp.a(alt_sbrk.o)
 .comment       0x0000000000000023       0x24 ../hello_world_bsp/\libhal_bsp.a(alt_sys_init.o)
 .comment       0x0000000000000023       0x24 ../hello_world_bsp/\libhal_bsp.a(altera_avalon_jtag_uart_read.o)
 .comment       0x0000000000000023       0x24 ../hello_world_bsp/\libhal_bsp.a(altera_avalon_jtag_uart_write.o)
 .comment       0x0000000000000023       0x24 ../hello_world_bsp/\libhal_bsp.a(altera_avalon_timer_sc.o)
 .comment       0x0000000000000023       0x24 ../hello_world_bsp/\libhal_bsp.a(alt_close.o)
 .comment       0x0000000000000023       0x24 ../hello_world_bsp/\libhal_bsp.a(alt_dcache_flush_all.o)
 .comment       0x0000000000000023       0x24 ../hello_world_bsp/\libhal_bsp.a(alt_dev.o)
 .comment       0x0000000000000023       0x24 ../hello_world_bsp/\libhal_bsp.a(alt_errno.o)
 .comment       0x0000000000000023       0x24 ../hello_world_bsp/\libhal_bsp.a(alt_icache_flush_all.o)
 .comment       0x0000000000000023       0x24 ../hello_world_bsp/\libhal_bsp.a(alt_instruction_exception_entry.o)
 .comment       0x0000000000000023       0x24 ../hello_world_bsp/\libhal_bsp.a(alt_tick.o)
 .comment       0x0000000000000023       0x24 ../hello_world_bsp/\libhal_bsp.a(altera_nios2_gen2_irq.o)
 .comment       0x0000000000000023       0x24 ../hello_world_bsp/\libhal_bsp.a(alt_icache_flush.o)
 .comment       0x0000000000000023       0x24 c:/intelfpga/18.1/nios2eds/bin/gnu/h-x86_64-mingw32/bin/../lib/gcc/nios2-elf/5.3.0/../../../../../H-x86_64-mingw32/nios2-elf/lib\libsmallc.a(lib_a-exit.o)
 .comment       0x0000000000000023       0x24 c:/intelfpga/18.1/nios2eds/bin/gnu/h-x86_64-mingw32/bin/../lib/gcc/nios2-elf/5.3.0/../../../../../H-x86_64-mingw32/nios2-elf/lib\libsmallc.a(lib_a-__call_atexit.o)
 .comment       0x0000000000000023       0x24 ../hello_world_bsp/\libhal_bsp.a(alt_exit.o)

.debug
 *(.debug)

.line
 *(.line)

.debug_srcinfo
 *(.debug_srcinfo)

.debug_sfnames
 *(.debug_sfnames)

.debug_aranges  0x0000000000000000      0x668
 *(.debug_aranges)
 .debug_aranges
                0x0000000000000000       0x28 ../hello_world_bsp//obj/HAL/src/crt0.o
 .debug_aranges
                0x0000000000000028       0x20 obj/default/src/control.o
 .debug_aranges
                0x0000000000000048       0x20 obj/default/src/hello_world.o
 .debug_aranges
                0x0000000000000068       0x20 obj/default/src/setup.o
 .debug_aranges
                0x0000000000000088       0x20 obj/default/src/timer.o
 .debug_aranges
                0x00000000000000a8       0x20 obj/default/src/uart.o
 .debug_aranges
                0x00000000000000c8       0x20 obj/default/rsscanf.o
 .debug_aranges
                0x00000000000000e8       0x20 obj/default/xprintf.o
 .debug_aranges
                0x0000000000000108       0x20 c:/intelfpga/18.1/nios2eds/bin/gnu/h-x86_64-mingw32/bin/../lib/gcc/nios2-elf/5.3.0\libgcc.a(lib2-divmod.o)
 .debug_aranges
                0x0000000000000128       0x28 c:/intelfpga/18.1/nios2eds/bin/gnu/h-x86_64-mingw32/bin/../lib/gcc/nios2-elf/5.3.0/../../../../../H-x86_64-mingw32/nios2-elf/lib\libsmallc.a(lib_a-atoi.o)
 .debug_aranges
                0x0000000000000150       0x28 c:/intelfpga/18.1/nios2eds/bin/gnu/h-x86_64-mingw32/bin/../lib/gcc/nios2-elf/5.3.0/../../../../../H-x86_64-mingw32/nios2-elf/lib\libsmallc.a(lib_a-malloc.o)
 .debug_aranges
                0x0000000000000178       0x20 c:/intelfpga/18.1/nios2eds/bin/gnu/h-x86_64-mingw32/bin/../lib/gcc/nios2-elf/5.3.0/../../../../../H-x86_64-mingw32/nios2-elf/lib\libsmallc.a(lib_a-nano-freer.o)
 .debug_aranges
                0x0000000000000198       0x20 c:/intelfpga/18.1/nios2eds/bin/gnu/h-x86_64-mingw32/bin/../lib/gcc/nios2-elf/5.3.0/../../../../../H-x86_64-mingw32/nios2-elf/lib\libsmallc.a(lib_a-nano-mallocr.o)
 .debug_aranges
                0x00000000000001b8       0x20 c:/intelfpga/18.1/nios2eds/bin/gnu/h-x86_64-mingw32/bin/../lib/gcc/nios2-elf/5.3.0/../../../../../H-x86_64-mingw32/nios2-elf/lib\libsmallc.a(lib_a-sbrkr.o)
 .debug_aranges
                0x00000000000001d8       0x20 c:/intelfpga/18.1/nios2eds/bin/gnu/h-x86_64-mingw32/bin/../lib/gcc/nios2-elf/5.3.0/../../../../../H-x86_64-mingw32/nios2-elf/lib\libsmallc.a(lib_a-strcat.o)
 .debug_aranges
                0x00000000000001f8       0x20 c:/intelfpga/18.1/nios2eds/bin/gnu/h-x86_64-mingw32/bin/../lib/gcc/nios2-elf/5.3.0/../../../../../H-x86_64-mingw32/nios2-elf/lib\libsmallc.a(lib_a-strchr.o)
 .debug_aranges
                0x0000000000000218       0x20 c:/intelfpga/18.1/nios2eds/bin/gnu/h-x86_64-mingw32/bin/../lib/gcc/nios2-elf/5.3.0/../../../../../H-x86_64-mingw32/nios2-elf/lib\libsmallc.a(lib_a-strcmp.o)
 .debug_aranges
                0x0000000000000238       0x20 c:/intelfpga/18.1/nios2eds/bin/gnu/h-x86_64-mingw32/bin/../lib/gcc/nios2-elf/5.3.0/../../../../../H-x86_64-mingw32/nios2-elf/lib\libsmallc.a(lib_a-strlen.o)
 .debug_aranges
                0x0000000000000258       0x20 c:/intelfpga/18.1/nios2eds/bin/gnu/h-x86_64-mingw32/bin/../lib/gcc/nios2-elf/5.3.0/../../../../../H-x86_64-mingw32/nios2-elf/lib\libsmallc.a(lib_a-strstr.o)
 .debug_aranges
                0x0000000000000278       0x28 c:/intelfpga/18.1/nios2eds/bin/gnu/h-x86_64-mingw32/bin/../lib/gcc/nios2-elf/5.3.0/../../../../../H-x86_64-mingw32/nios2-elf/lib\libsmallc.a(lib_a-strtol.o)
 .debug_aranges
                0x00000000000002a0       0x18 c:/intelfpga/18.1/nios2eds/bin/gnu/h-x86_64-mingw32/bin/../lib/gcc/nios2-elf/5.3.0/../../../../../H-x86_64-mingw32/nios2-elf/lib\libsmallc.a(lib_a-ctype_.o)
 .debug_aranges
                0x00000000000002b8       0x18 c:/intelfpga/18.1/nios2eds/bin/gnu/h-x86_64-mingw32/bin/../lib/gcc/nios2-elf/5.3.0/../../../../../H-x86_64-mingw32/nios2-elf/lib\libsmallc.a(lib_a-impure.o)
 .debug_aranges
                0x00000000000002d0       0x18 c:/intelfpga/18.1/nios2eds/bin/gnu/h-x86_64-mingw32/bin/../lib/gcc/nios2-elf/5.3.0/../../../../../H-x86_64-mingw32/nios2-elf/lib\libsmallc.a(lib_a-int_errno.o)
 .debug_aranges
                0x00000000000002e8       0x20 ../hello_world_bsp/\libhal_bsp.a(alt_getchar.o)
 .debug_aranges
                0x0000000000000308       0x20 ../hello_world_bsp/\libhal_bsp.a(alt_iic.o)
 .debug_aranges
                0x0000000000000328       0x20 ../hello_world_bsp/\libhal_bsp.a(alt_iic_isr_register.o)
 .debug_aranges
                0x0000000000000348       0x30 ../hello_world_bsp/\libhal_bsp.a(alt_irq_entry.o)
 .debug_aranges
                0x0000000000000378       0x20 ../hello_world_bsp/\libhal_bsp.a(alt_irq_handler.o)
 .debug_aranges
                0x0000000000000398       0x18 ../hello_world_bsp/\libhal_bsp.a(alt_irq_vars.o)
 .debug_aranges
                0x00000000000003b0       0x20 ../hello_world_bsp/\libhal_bsp.a(alt_load.o)
 .debug_aranges
                0x00000000000003d0       0x20 ../hello_world_bsp/\libhal_bsp.a(alt_main.o)
 .debug_aranges
                0x00000000000003f0       0x20 ../hello_world_bsp/\libhal_bsp.a(alt_putchar.o)
 .debug_aranges
                0x0000000000000410       0x20 ../hello_world_bsp/\libhal_bsp.a(alt_sbrk.o)
 .debug_aranges
                0x0000000000000430       0x20 ../hello_world_bsp/\libhal_bsp.a(alt_sys_init.o)
 .debug_aranges
                0x0000000000000450       0x20 ../hello_world_bsp/\libhal_bsp.a(altera_avalon_jtag_uart_read.o)
 .debug_aranges
                0x0000000000000470       0x20 ../hello_world_bsp/\libhal_bsp.a(altera_avalon_jtag_uart_write.o)
 .debug_aranges
                0x0000000000000490       0x20 ../hello_world_bsp/\libhal_bsp.a(altera_avalon_timer_sc.o)
 .debug_aranges
                0x00000000000004b0       0x20 ../hello_world_bsp/\libhal_bsp.a(alt_close.o)
 .debug_aranges
                0x00000000000004d0       0x20 ../hello_world_bsp/\libhal_bsp.a(alt_dcache_flush_all.o)
 .debug_aranges
                0x00000000000004f0       0x20 ../hello_world_bsp/\libhal_bsp.a(alt_dev.o)
 .debug_aranges
                0x0000000000000510       0x18 ../hello_world_bsp/\libhal_bsp.a(alt_errno.o)
 .debug_aranges
                0x0000000000000528       0x38 ../hello_world_bsp/\libhal_bsp.a(alt_exception_entry.o)
 .debug_aranges
                0x0000000000000560       0x20 ../hello_world_bsp/\libhal_bsp.a(alt_icache_flush_all.o)
 .debug_aranges
                0x0000000000000580       0x28 ../hello_world_bsp/\libhal_bsp.a(alt_instruction_exception_entry.o)
 .debug_aranges
                0x00000000000005a8       0x20 ../hello_world_bsp/\libhal_bsp.a(alt_tick.o)
 .debug_aranges
                0x00000000000005c8       0x20 ../hello_world_bsp/\libhal_bsp.a(altera_nios2_gen2_irq.o)
 .debug_aranges
                0x00000000000005e8       0x20 ../hello_world_bsp/\libhal_bsp.a(alt_icache_flush.o)
 .debug_aranges
                0x0000000000000608       0x20 c:/intelfpga/18.1/nios2eds/bin/gnu/h-x86_64-mingw32/bin/../lib/gcc/nios2-elf/5.3.0/../../../../../H-x86_64-mingw32/nios2-elf/lib\libsmallc.a(lib_a-exit.o)
 .debug_aranges
                0x0000000000000628       0x20 c:/intelfpga/18.1/nios2eds/bin/gnu/h-x86_64-mingw32/bin/../lib/gcc/nios2-elf/5.3.0/../../../../../H-x86_64-mingw32/nios2-elf/lib\libsmallc.a(lib_a-__call_atexit.o)
 .debug_aranges
                0x0000000000000648       0x20 ../hello_world_bsp/\libhal_bsp.a(alt_exit.o)

.debug_pubnames
 *(.debug_pubnames)

.debug_info     0x0000000000000000     0x7b24
 *(.debug_info .gnu.linkonce.wi.*)
 .debug_info    0x0000000000000000       0x7d ../hello_world_bsp//obj/HAL/src/crt0.o
 .debug_info    0x000000000000007d      0x5ea obj/default/src/control.o
 .debug_info    0x0000000000000667      0x25b obj/default/src/hello_world.o
 .debug_info    0x00000000000008c2       0xf4 obj/default/src/setup.o
 .debug_info    0x00000000000009b6      0x17e obj/default/src/timer.o
 .debug_info    0x0000000000000b34      0x32c obj/default/src/uart.o
 .debug_info    0x0000000000000e60      0x10a obj/default/rsscanf.o
 .debug_info    0x0000000000000f6a      0x96b obj/default/xprintf.o
 .debug_info    0x00000000000018d5      0x2c6 c:/intelfpga/18.1/nios2eds/bin/gnu/h-x86_64-mingw32/bin/../lib/gcc/nios2-elf/5.3.0\libgcc.a(lib2-divmod.o)
 .debug_info    0x0000000000001b9b      0x62c c:/intelfpga/18.1/nios2eds/bin/gnu/h-x86_64-mingw32/bin/../lib/gcc/nios2-elf/5.3.0/../../../../../H-x86_64-mingw32/nios2-elf/lib\libsmallc.a(lib_a-atoi.o)
 .debug_info    0x00000000000021c7      0x619 c:/intelfpga/18.1/nios2eds/bin/gnu/h-x86_64-mingw32/bin/../lib/gcc/nios2-elf/5.3.0/../../../../../H-x86_64-mingw32/nios2-elf/lib\libsmallc.a(lib_a-malloc.o)
 .debug_info    0x00000000000027e0      0x68c c:/intelfpga/18.1/nios2eds/bin/gnu/h-x86_64-mingw32/bin/../lib/gcc/nios2-elf/5.3.0/../../../../../H-x86_64-mingw32/nios2-elf/lib\libsmallc.a(lib_a-nano-freer.o)
 .debug_info    0x0000000000002e6c      0x752 c:/intelfpga/18.1/nios2eds/bin/gnu/h-x86_64-mingw32/bin/../lib/gcc/nios2-elf/5.3.0/../../../../../H-x86_64-mingw32/nios2-elf/lib\libsmallc.a(lib_a-nano-mallocr.o)
 .debug_info    0x00000000000035be      0x608 c:/intelfpga/18.1/nios2eds/bin/gnu/h-x86_64-mingw32/bin/../lib/gcc/nios2-elf/5.3.0/../../../../../H-x86_64-mingw32/nios2-elf/lib\libsmallc.a(lib_a-sbrkr.o)
 .debug_info    0x0000000000003bc6       0xdf c:/intelfpga/18.1/nios2eds/bin/gnu/h-x86_64-mingw32/bin/../lib/gcc/nios2-elf/5.3.0/../../../../../H-x86_64-mingw32/nios2-elf/lib\libsmallc.a(lib_a-strcat.o)
 .debug_info    0x0000000000003ca5       0xea c:/intelfpga/18.1/nios2eds/bin/gnu/h-x86_64-mingw32/bin/../lib/gcc/nios2-elf/5.3.0/../../../../../H-x86_64-mingw32/nios2-elf/lib\libsmallc.a(lib_a-strchr.o)
 .debug_info    0x0000000000003d8f       0xbe c:/intelfpga/18.1/nios2eds/bin/gnu/h-x86_64-mingw32/bin/../lib/gcc/nios2-elf/5.3.0/../../../../../H-x86_64-mingw32/nios2-elf/lib\libsmallc.a(lib_a-strcmp.o)
 .debug_info    0x0000000000003e4d       0xc9 c:/intelfpga/18.1/nios2eds/bin/gnu/h-x86_64-mingw32/bin/../lib/gcc/nios2-elf/5.3.0/../../../../../H-x86_64-mingw32/nios2-elf/lib\libsmallc.a(lib_a-strlen.o)
 .debug_info    0x0000000000003f16       0xe2 c:/intelfpga/18.1/nios2eds/bin/gnu/h-x86_64-mingw32/bin/../lib/gcc/nios2-elf/5.3.0/../../../../../H-x86_64-mingw32/nios2-elf/lib\libsmallc.a(lib_a-strstr.o)
 .debug_info    0x0000000000003ff8      0x6cd c:/intelfpga/18.1/nios2eds/bin/gnu/h-x86_64-mingw32/bin/../lib/gcc/nios2-elf/5.3.0/../../../../../H-x86_64-mingw32/nios2-elf/lib\libsmallc.a(lib_a-strtol.o)
 .debug_info    0x00000000000046c5       0x96 c:/intelfpga/18.1/nios2eds/bin/gnu/h-x86_64-mingw32/bin/../lib/gcc/nios2-elf/5.3.0/../../../../../H-x86_64-mingw32/nios2-elf/lib\libsmallc.a(lib_a-ctype_.o)
 .debug_info    0x000000000000475b      0x5a9 c:/intelfpga/18.1/nios2eds/bin/gnu/h-x86_64-mingw32/bin/../lib/gcc/nios2-elf/5.3.0/../../../../../H-x86_64-mingw32/nios2-elf/lib\libsmallc.a(lib_a-impure.o)
 .debug_info    0x0000000000004d04       0x8a c:/intelfpga/18.1/nios2eds/bin/gnu/h-x86_64-mingw32/bin/../lib/gcc/nios2-elf/5.3.0/../../../../../H-x86_64-mingw32/nios2-elf/lib\libsmallc.a(lib_a-int_errno.o)
 .debug_info    0x0000000000004d8e      0x30d ../hello_world_bsp/\libhal_bsp.a(alt_getchar.o)
 .debug_info    0x000000000000509b      0x350 ../hello_world_bsp/\libhal_bsp.a(alt_iic.o)
 .debug_info    0x00000000000053eb      0x1ef ../hello_world_bsp/\libhal_bsp.a(alt_iic_isr_register.o)
 .debug_info    0x00000000000055da       0x86 ../hello_world_bsp/\libhal_bsp.a(alt_irq_entry.o)
 .debug_info    0x0000000000005660      0x187 ../hello_world_bsp/\libhal_bsp.a(alt_irq_handler.o)
 .debug_info    0x00000000000057e7       0x88 ../hello_world_bsp/\libhal_bsp.a(alt_irq_vars.o)
 .debug_info    0x000000000000586f      0x145 ../hello_world_bsp/\libhal_bsp.a(alt_load.o)
 .debug_info    0x00000000000059b4      0x131 ../hello_world_bsp/\libhal_bsp.a(alt_main.o)
 .debug_info    0x0000000000005ae5      0x104 ../hello_world_bsp/\libhal_bsp.a(alt_putchar.o)
 .debug_info    0x0000000000005be9      0x1ac ../hello_world_bsp/\libhal_bsp.a(alt_sbrk.o)
 .debug_info    0x0000000000005d95      0x1bd ../hello_world_bsp/\libhal_bsp.a(alt_sys_init.o)
 .debug_info    0x0000000000005f52      0x1b2 ../hello_world_bsp/\libhal_bsp.a(altera_avalon_jtag_uart_read.o)
 .debug_info    0x0000000000006104      0x195 ../hello_world_bsp/\libhal_bsp.a(altera_avalon_jtag_uart_write.o)
 .debug_info    0x0000000000006299      0x226 ../hello_world_bsp/\libhal_bsp.a(altera_avalon_timer_sc.o)
 .debug_info    0x00000000000064bf      0x126 ../hello_world_bsp/\libhal_bsp.a(alt_close.o)
 .debug_info    0x00000000000065e5       0xa5 ../hello_world_bsp/\libhal_bsp.a(alt_dcache_flush_all.o)
 .debug_info    0x000000000000668a      0x49c ../hello_world_bsp/\libhal_bsp.a(alt_dev.o)
 .debug_info    0x0000000000006b26       0xa6 ../hello_world_bsp/\libhal_bsp.a(alt_errno.o)
 .debug_info    0x0000000000006bcc       0x8c ../hello_world_bsp/\libhal_bsp.a(alt_exception_entry.o)
 .debug_info    0x0000000000006c58       0x92 ../hello_world_bsp/\libhal_bsp.a(alt_icache_flush_all.o)
 .debug_info    0x0000000000006cea      0x1e7 ../hello_world_bsp/\libhal_bsp.a(alt_instruction_exception_entry.o)
 .debug_info    0x0000000000006ed1      0x299 ../hello_world_bsp/\libhal_bsp.a(alt_tick.o)
 .debug_info    0x000000000000716a       0x92 ../hello_world_bsp/\libhal_bsp.a(altera_nios2_gen2_irq.o)
 .debug_info    0x00000000000071fc       0xdc ../hello_world_bsp/\libhal_bsp.a(alt_icache_flush.o)
 .debug_info    0x00000000000072d8       0xe5 c:/intelfpga/18.1/nios2eds/bin/gnu/h-x86_64-mingw32/bin/../lib/gcc/nios2-elf/5.3.0/../../../../../H-x86_64-mingw32/nios2-elf/lib\libsmallc.a(lib_a-exit.o)
 .debug_info    0x00000000000073bd      0x67b c:/intelfpga/18.1/nios2eds/bin/gnu/h-x86_64-mingw32/bin/../lib/gcc/nios2-elf/5.3.0/../../../../../H-x86_64-mingw32/nios2-elf/lib\libsmallc.a(lib_a-__call_atexit.o)
 .debug_info    0x0000000000007a38       0xec ../hello_world_bsp/\libhal_bsp.a(alt_exit.o)

.debug_abbrev   0x0000000000000000     0x2dfd
 *(.debug_abbrev)
 .debug_abbrev  0x0000000000000000       0x12 ../hello_world_bsp//obj/HAL/src/crt0.o
 .debug_abbrev  0x0000000000000012      0x10e obj/default/src/control.o
 .debug_abbrev  0x0000000000000120      0x121 obj/default/src/hello_world.o
 .debug_abbrev  0x0000000000000241       0xfb obj/default/src/setup.o
 .debug_abbrev  0x000000000000033c      0x106 obj/default/src/timer.o
 .debug_abbrev  0x0000000000000442      0x15e obj/default/src/uart.o
 .debug_abbrev  0x00000000000005a0       0xad obj/default/rsscanf.o
 .debug_abbrev  0x000000000000064d      0x227 obj/default/xprintf.o
 .debug_abbrev  0x0000000000000874      0x10e c:/intelfpga/18.1/nios2eds/bin/gnu/h-x86_64-mingw32/bin/../lib/gcc/nios2-elf/5.3.0\libgcc.a(lib2-divmod.o)
 .debug_abbrev  0x0000000000000982      0x184 c:/intelfpga/18.1/nios2eds/bin/gnu/h-x86_64-mingw32/bin/../lib/gcc/nios2-elf/5.3.0/../../../../../H-x86_64-mingw32/nios2-elf/lib\libsmallc.a(lib_a-atoi.o)
 .debug_abbrev  0x0000000000000b06      0x1af c:/intelfpga/18.1/nios2eds/bin/gnu/h-x86_64-mingw32/bin/../lib/gcc/nios2-elf/5.3.0/../../../../../H-x86_64-mingw32/nios2-elf/lib\libsmallc.a(lib_a-malloc.o)
 .debug_abbrev  0x0000000000000cb5      0x1dd c:/intelfpga/18.1/nios2eds/bin/gnu/h-x86_64-mingw32/bin/../lib/gcc/nios2-elf/5.3.0/../../../../../H-x86_64-mingw32/nios2-elf/lib\libsmallc.a(lib_a-nano-freer.o)
 .debug_abbrev  0x0000000000000e92      0x269 c:/intelfpga/18.1/nios2eds/bin/gnu/h-x86_64-mingw32/bin/../lib/gcc/nios2-elf/5.3.0/../../../../../H-x86_64-mingw32/nios2-elf/lib\libsmallc.a(lib_a-nano-mallocr.o)
 .debug_abbrev  0x00000000000010fb      0x1c5 c:/intelfpga/18.1/nios2eds/bin/gnu/h-x86_64-mingw32/bin/../lib/gcc/nios2-elf/5.3.0/../../../../../H-x86_64-mingw32/nios2-elf/lib\libsmallc.a(lib_a-sbrkr.o)
 .debug_abbrev  0x00000000000012c0       0x7b c:/intelfpga/18.1/nios2eds/bin/gnu/h-x86_64-mingw32/bin/../lib/gcc/nios2-elf/5.3.0/../../../../../H-x86_64-mingw32/nios2-elf/lib\libsmallc.a(lib_a-strcat.o)
 .debug_abbrev  0x000000000000133b       0x83 c:/intelfpga/18.1/nios2eds/bin/gnu/h-x86_64-mingw32/bin/../lib/gcc/nios2-elf/5.3.0/../../../../../H-x86_64-mingw32/nios2-elf/lib\libsmallc.a(lib_a-strchr.o)
 .debug_abbrev  0x00000000000013be       0x63 c:/intelfpga/18.1/nios2eds/bin/gnu/h-x86_64-mingw32/bin/../lib/gcc/nios2-elf/5.3.0/../../../../../H-x86_64-mingw32/nios2-elf/lib\libsmallc.a(lib_a-strcmp.o)
 .debug_abbrev  0x0000000000001421       0x7f c:/intelfpga/18.1/nios2eds/bin/gnu/h-x86_64-mingw32/bin/../lib/gcc/nios2-elf/5.3.0/../../../../../H-x86_64-mingw32/nios2-elf/lib\libsmallc.a(lib_a-strlen.o)
 .debug_abbrev  0x00000000000014a0       0x95 c:/intelfpga/18.1/nios2eds/bin/gnu/h-x86_64-mingw32/bin/../lib/gcc/nios2-elf/5.3.0/../../../../../H-x86_64-mingw32/nios2-elf/lib\libsmallc.a(lib_a-strstr.o)
 .debug_abbrev  0x0000000000001535      0x1e5 c:/intelfpga/18.1/nios2eds/bin/gnu/h-x86_64-mingw32/bin/../lib/gcc/nios2-elf/5.3.0/../../../../../H-x86_64-mingw32/nios2-elf/lib\libsmallc.a(lib_a-strtol.o)
 .debug_abbrev  0x000000000000171a       0x5d c:/intelfpga/18.1/nios2eds/bin/gnu/h-x86_64-mingw32/bin/../lib/gcc/nios2-elf/5.3.0/../../../../../H-x86_64-mingw32/nios2-elf/lib\libsmallc.a(lib_a-ctype_.o)
 .debug_abbrev  0x0000000000001777      0x14a c:/intelfpga/18.1/nios2eds/bin/gnu/h-x86_64-mingw32/bin/../lib/gcc/nios2-elf/5.3.0/../../../../../H-x86_64-mingw32/nios2-elf/lib\libsmallc.a(lib_a-impure.o)
 .debug_abbrev  0x00000000000018c1       0x37 c:/intelfpga/18.1/nios2eds/bin/gnu/h-x86_64-mingw32/bin/../lib/gcc/nios2-elf/5.3.0/../../../../../H-x86_64-mingw32/nios2-elf/lib\libsmallc.a(lib_a-int_errno.o)
 .debug_abbrev  0x00000000000018f8       0xf5 ../hello_world_bsp/\libhal_bsp.a(alt_getchar.o)
 .debug_abbrev  0x00000000000019ed      0x163 ../hello_world_bsp/\libhal_bsp.a(alt_iic.o)
 .debug_abbrev  0x0000000000001b50      0x169 ../hello_world_bsp/\libhal_bsp.a(alt_iic_isr_register.o)
 .debug_abbrev  0x0000000000001cb9       0x12 ../hello_world_bsp/\libhal_bsp.a(alt_irq_entry.o)
 .debug_abbrev  0x0000000000001ccb      0x122 ../hello_world_bsp/\libhal_bsp.a(alt_irq_handler.o)
 .debug_abbrev  0x0000000000001ded       0x40 ../hello_world_bsp/\libhal_bsp.a(alt_irq_vars.o)
 .debug_abbrev  0x0000000000001e2d       0x9f ../hello_world_bsp/\libhal_bsp.a(alt_load.o)
 .debug_abbrev  0x0000000000001ecc       0xba ../hello_world_bsp/\libhal_bsp.a(alt_main.o)
 .debug_abbrev  0x0000000000001f86       0xaa ../hello_world_bsp/\libhal_bsp.a(alt_putchar.o)
 .debug_abbrev  0x0000000000002030      0x112 ../hello_world_bsp/\libhal_bsp.a(alt_sbrk.o)
 .debug_abbrev  0x0000000000002142       0xf2 ../hello_world_bsp/\libhal_bsp.a(alt_sys_init.o)
 .debug_abbrev  0x0000000000002234       0xd5 ../hello_world_bsp/\libhal_bsp.a(altera_avalon_jtag_uart_read.o)
 .debug_abbrev  0x0000000000002309       0xd5 ../hello_world_bsp/\libhal_bsp.a(altera_avalon_jtag_uart_write.o)
 .debug_abbrev  0x00000000000023de      0x155 ../hello_world_bsp/\libhal_bsp.a(altera_avalon_timer_sc.o)
 .debug_abbrev  0x0000000000002533       0xbb ../hello_world_bsp/\libhal_bsp.a(alt_close.o)
 .debug_abbrev  0x00000000000025ee       0x5a ../hello_world_bsp/\libhal_bsp.a(alt_dcache_flush_all.o)
 .debug_abbrev  0x0000000000002648       0xd9 ../hello_world_bsp/\libhal_bsp.a(alt_dev.o)
 .debug_abbrev  0x0000000000002721       0x5a ../hello_world_bsp/\libhal_bsp.a(alt_errno.o)
 .debug_abbrev  0x000000000000277b       0x12 ../hello_world_bsp/\libhal_bsp.a(alt_exception_entry.o)
 .debug_abbrev  0x000000000000278d       0x42 ../hello_world_bsp/\libhal_bsp.a(alt_icache_flush_all.o)
 .debug_abbrev  0x00000000000027cf       0xdc ../hello_world_bsp/\libhal_bsp.a(alt_instruction_exception_entry.o)
 .debug_abbrev  0x00000000000028ab      0x15a ../hello_world_bsp/\libhal_bsp.a(alt_tick.o)
 .debug_abbrev  0x0000000000002a05       0x42 ../hello_world_bsp/\libhal_bsp.a(altera_nios2_gen2_irq.o)
 .debug_abbrev  0x0000000000002a47       0x8c ../hello_world_bsp/\libhal_bsp.a(alt_icache_flush.o)
 .debug_abbrev  0x0000000000002ad3       0x8b c:/intelfpga/18.1/nios2eds/bin/gnu/h-x86_64-mingw32/bin/../lib/gcc/nios2-elf/5.3.0/../../../../../H-x86_64-mingw32/nios2-elf/lib\libsmallc.a(lib_a-exit.o)
 .debug_abbrev  0x0000000000002b5e      0x1f6 c:/intelfpga/18.1/nios2eds/bin/gnu/h-x86_64-mingw32/bin/../lib/gcc/nios2-elf/5.3.0/../../../../../H-x86_64-mingw32/nios2-elf/lib\libsmallc.a(lib_a-__call_atexit.o)
 .debug_abbrev  0x0000000000002d54       0xa9 ../hello_world_bsp/\libhal_bsp.a(alt_exit.o)

.debug_line     0x0000000000000000     0x34ce
 *(.debug_line)
 .debug_line    0x0000000000000000       0x72 ../hello_world_bsp//obj/HAL/src/crt0.o
 .debug_line    0x0000000000000072      0x17c obj/default/src/control.o
 .debug_line    0x00000000000001ee      0x198 obj/default/src/hello_world.o
 .debug_line    0x0000000000000386       0xc0 obj/default/src/setup.o
 .debug_line    0x0000000000000446       0xb7 obj/default/src/timer.o
 .debug_line    0x00000000000004fd      0x1df obj/default/src/uart.o
 .debug_line    0x00000000000006dc      0x1ad obj/default/rsscanf.o
 .debug_line    0x0000000000000889      0x30b obj/default/xprintf.o
 .debug_line    0x0000000000000b94      0x102 c:/intelfpga/18.1/nios2eds/bin/gnu/h-x86_64-mingw32/bin/../lib/gcc/nios2-elf/5.3.0\libgcc.a(lib2-divmod.o)
 .debug_line    0x0000000000000c96      0x1e4 c:/intelfpga/18.1/nios2eds/bin/gnu/h-x86_64-mingw32/bin/../lib/gcc/nios2-elf/5.3.0/../../../../../H-x86_64-mingw32/nios2-elf/lib\libsmallc.a(lib_a-atoi.o)
 .debug_line    0x0000000000000e7a      0x1e6 c:/intelfpga/18.1/nios2eds/bin/gnu/h-x86_64-mingw32/bin/../lib/gcc/nios2-elf/5.3.0/../../../../../H-x86_64-mingw32/nios2-elf/lib\libsmallc.a(lib_a-malloc.o)
 .debug_line    0x0000000000001060      0x19f c:/intelfpga/18.1/nios2eds/bin/gnu/h-x86_64-mingw32/bin/../lib/gcc/nios2-elf/5.3.0/../../../../../H-x86_64-mingw32/nios2-elf/lib\libsmallc.a(lib_a-nano-freer.o)
 .debug_line    0x00000000000011ff      0x222 c:/intelfpga/18.1/nios2eds/bin/gnu/h-x86_64-mingw32/bin/../lib/gcc/nios2-elf/5.3.0/../../../../../H-x86_64-mingw32/nios2-elf/lib\libsmallc.a(lib_a-nano-mallocr.o)
 .debug_line    0x0000000000001421      0x1dd c:/intelfpga/18.1/nios2eds/bin/gnu/h-x86_64-mingw32/bin/../lib/gcc/nios2-elf/5.3.0/../../../../../H-x86_64-mingw32/nios2-elf/lib\libsmallc.a(lib_a-sbrkr.o)
 .debug_line    0x00000000000015fe       0xe2 c:/intelfpga/18.1/nios2eds/bin/gnu/h-x86_64-mingw32/bin/../lib/gcc/nios2-elf/5.3.0/../../../../../H-x86_64-mingw32/nios2-elf/lib\libsmallc.a(lib_a-strcat.o)
 .debug_line    0x00000000000016e0       0xe3 c:/intelfpga/18.1/nios2eds/bin/gnu/h-x86_64-mingw32/bin/../lib/gcc/nios2-elf/5.3.0/../../../../../H-x86_64-mingw32/nios2-elf/lib\libsmallc.a(lib_a-strchr.o)
 .debug_line    0x00000000000017c3       0xe4 c:/intelfpga/18.1/nios2eds/bin/gnu/h-x86_64-mingw32/bin/../lib/gcc/nios2-elf/5.3.0/../../../../../H-x86_64-mingw32/nios2-elf/lib\libsmallc.a(lib_a-strcmp.o)
 .debug_line    0x00000000000018a7      0x159 c:/intelfpga/18.1/nios2eds/bin/gnu/h-x86_64-mingw32/bin/../lib/gcc/nios2-elf/5.3.0/../../../../../H-x86_64-mingw32/nios2-elf/lib\libsmallc.a(lib_a-strlen.o)
 .debug_line    0x0000000000001a00      0x164 c:/intelfpga/18.1/nios2eds/bin/gnu/h-x86_64-mingw32/bin/../lib/gcc/nios2-elf/5.3.0/../../../../../H-x86_64-mingw32/nios2-elf/lib\libsmallc.a(lib_a-strstr.o)
 .debug_line    0x0000000000001b64      0x281 c:/intelfpga/18.1/nios2eds/bin/gnu/h-x86_64-mingw32/bin/../lib/gcc/nios2-elf/5.3.0/../../../../../H-x86_64-mingw32/nios2-elf/lib\libsmallc.a(lib_a-strtol.o)
 .debug_line    0x0000000000001de5       0xc4 c:/intelfpga/18.1/nios2eds/bin/gnu/h-x86_64-mingw32/bin/../lib/gcc/nios2-elf/5.3.0/../../../../../H-x86_64-mingw32/nios2-elf/lib\libsmallc.a(lib_a-ctype_.o)
 .debug_line    0x0000000000001ea9      0x153 c:/intelfpga/18.1/nios2eds/bin/gnu/h-x86_64-mingw32/bin/../lib/gcc/nios2-elf/5.3.0/../../../../../H-x86_64-mingw32/nios2-elf/lib\libsmallc.a(lib_a-impure.o)
 .debug_line    0x0000000000001ffc       0x5c c:/intelfpga/18.1/nios2eds/bin/gnu/h-x86_64-mingw32/bin/../lib/gcc/nios2-elf/5.3.0/../../../../../H-x86_64-mingw32/nios2-elf/lib\libsmallc.a(lib_a-int_errno.o)
 .debug_line    0x0000000000002058       0xb1 ../hello_world_bsp/\libhal_bsp.a(alt_getchar.o)
 .debug_line    0x0000000000002109       0xeb ../hello_world_bsp/\libhal_bsp.a(alt_iic.o)
 .debug_line    0x00000000000021f4       0xdb ../hello_world_bsp/\libhal_bsp.a(alt_iic_isr_register.o)
 .debug_line    0x00000000000022cf       0x6b ../hello_world_bsp/\libhal_bsp.a(alt_irq_entry.o)
 .debug_line    0x000000000000233a       0xaa ../hello_world_bsp/\libhal_bsp.a(alt_irq_handler.o)
 .debug_line    0x00000000000023e4       0x50 ../hello_world_bsp/\libhal_bsp.a(alt_irq_vars.o)
 .debug_line    0x0000000000002434       0x8e ../hello_world_bsp/\libhal_bsp.a(alt_load.o)
 .debug_line    0x00000000000024c2       0x9a ../hello_world_bsp/\libhal_bsp.a(alt_main.o)
 .debug_line    0x000000000000255c       0x50 ../hello_world_bsp/\libhal_bsp.a(alt_putchar.o)
 .debug_line    0x00000000000025ac       0xee ../hello_world_bsp/\libhal_bsp.a(alt_sbrk.o)
 .debug_line    0x000000000000269a      0x11d ../hello_world_bsp/\libhal_bsp.a(alt_sys_init.o)
 .debug_line    0x00000000000027b7       0xfd ../hello_world_bsp/\libhal_bsp.a(altera_avalon_jtag_uart_read.o)
 .debug_line    0x00000000000028b4       0xf4 ../hello_world_bsp/\libhal_bsp.a(altera_avalon_jtag_uart_write.o)
 .debug_line    0x00000000000029a8       0xfd ../hello_world_bsp/\libhal_bsp.a(altera_avalon_timer_sc.o)
 .debug_line    0x0000000000002aa5      0x100 ../hello_world_bsp/\libhal_bsp.a(alt_close.o)
 .debug_line    0x0000000000002ba5       0x61 ../hello_world_bsp/\libhal_bsp.a(alt_dcache_flush_all.o)
 .debug_line    0x0000000000002c06       0xf3 ../hello_world_bsp/\libhal_bsp.a(alt_dev.o)
 .debug_line    0x0000000000002cf9       0x51 ../hello_world_bsp/\libhal_bsp.a(alt_errno.o)
 .debug_line    0x0000000000002d4a       0xb3 ../hello_world_bsp/\libhal_bsp.a(alt_exception_entry.o)
 .debug_line    0x0000000000002dfd       0x50 ../hello_world_bsp/\libhal_bsp.a(alt_icache_flush_all.o)
 .debug_line    0x0000000000002e4d       0xba ../hello_world_bsp/\libhal_bsp.a(alt_instruction_exception_entry.o)
 .debug_line    0x0000000000002f07       0xff ../hello_world_bsp/\libhal_bsp.a(alt_tick.o)
 .debug_line    0x0000000000003006       0x51 ../hello_world_bsp/\libhal_bsp.a(altera_nios2_gen2_irq.o)
 .debug_line    0x0000000000003057       0x81 ../hello_world_bsp/\libhal_bsp.a(alt_icache_flush.o)
 .debug_line    0x00000000000030d8      0x156 c:/intelfpga/18.1/nios2eds/bin/gnu/h-x86_64-mingw32/bin/../lib/gcc/nios2-elf/5.3.0/../../../../../H-x86_64-mingw32/nios2-elf/lib\libsmallc.a(lib_a-exit.o)
 .debug_line    0x000000000000322e      0x22f c:/intelfpga/18.1/nios2eds/bin/gnu/h-x86_64-mingw32/bin/../lib/gcc/nios2-elf/5.3.0/../../../../../H-x86_64-mingw32/nios2-elf/lib\libsmallc.a(lib_a-__call_atexit.o)
 .debug_line    0x000000000000345d       0x71 ../hello_world_bsp/\libhal_bsp.a(alt_exit.o)

.debug_frame    0x0000000000000000      0xd3c
 *(.debug_frame)
 .debug_frame   0x0000000000000000       0xf8 obj/default/src/control.o
 .debug_frame   0x00000000000000f8       0x28 obj/default/src/hello_world.o
 .debug_frame   0x0000000000000120       0x4c obj/default/src/setup.o
 .debug_frame   0x000000000000016c       0x3c obj/default/src/timer.o
 .debug_frame   0x00000000000001a8       0xf0 obj/default/src/uart.o
 .debug_frame   0x0000000000000298       0x54 obj/default/rsscanf.o
 .debug_frame   0x00000000000002ec      0x1d4 obj/default/xprintf.o
 .debug_frame   0x00000000000004c0       0x50 c:/intelfpga/18.1/nios2eds/bin/gnu/h-x86_64-mingw32/bin/../lib/gcc/nios2-elf/5.3.0\libgcc.a(lib2-divmod.o)
 .debug_frame   0x0000000000000510       0x30 c:/intelfpga/18.1/nios2eds/bin/gnu/h-x86_64-mingw32/bin/../lib/gcc/nios2-elf/5.3.0/../../../../../H-x86_64-mingw32/nios2-elf/lib\libsmallc.a(lib_a-atoi.o)
 .debug_frame   0x0000000000000540       0x30 c:/intelfpga/18.1/nios2eds/bin/gnu/h-x86_64-mingw32/bin/../lib/gcc/nios2-elf/5.3.0/../../../../../H-x86_64-mingw32/nios2-elf/lib\libsmallc.a(lib_a-malloc.o)
 .debug_frame   0x0000000000000570       0x20 c:/intelfpga/18.1/nios2eds/bin/gnu/h-x86_64-mingw32/bin/../lib/gcc/nios2-elf/5.3.0/../../../../../H-x86_64-mingw32/nios2-elf/lib\libsmallc.a(lib_a-nano-freer.o)
 .debug_frame   0x0000000000000590       0x40 c:/intelfpga/18.1/nios2eds/bin/gnu/h-x86_64-mingw32/bin/../lib/gcc/nios2-elf/5.3.0/../../../../../H-x86_64-mingw32/nios2-elf/lib\libsmallc.a(lib_a-nano-mallocr.o)
 .debug_frame   0x00000000000005d0       0x38 c:/intelfpga/18.1/nios2eds/bin/gnu/h-x86_64-mingw32/bin/../lib/gcc/nios2-elf/5.3.0/../../../../../H-x86_64-mingw32/nios2-elf/lib\libsmallc.a(lib_a-sbrkr.o)
 .debug_frame   0x0000000000000608       0x20 c:/intelfpga/18.1/nios2eds/bin/gnu/h-x86_64-mingw32/bin/../lib/gcc/nios2-elf/5.3.0/../../../../../H-x86_64-mingw32/nios2-elf/lib\libsmallc.a(lib_a-strcat.o)
 .debug_frame   0x0000000000000628       0x20 c:/intelfpga/18.1/nios2eds/bin/gnu/h-x86_64-mingw32/bin/../lib/gcc/nios2-elf/5.3.0/../../../../../H-x86_64-mingw32/nios2-elf/lib\libsmallc.a(lib_a-strchr.o)
 .debug_frame   0x0000000000000648       0x20 c:/intelfpga/18.1/nios2eds/bin/gnu/h-x86_64-mingw32/bin/../lib/gcc/nios2-elf/5.3.0/../../../../../H-x86_64-mingw32/nios2-elf/lib\libsmallc.a(lib_a-strcmp.o)
 .debug_frame   0x0000000000000668       0x20 c:/intelfpga/18.1/nios2eds/bin/gnu/h-x86_64-mingw32/bin/../lib/gcc/nios2-elf/5.3.0/../../../../../H-x86_64-mingw32/nios2-elf/lib\libsmallc.a(lib_a-strlen.o)
 .debug_frame   0x0000000000000688       0x20 c:/intelfpga/18.1/nios2eds/bin/gnu/h-x86_64-mingw32/bin/../lib/gcc/nios2-elf/5.3.0/../../../../../H-x86_64-mingw32/nios2-elf/lib\libsmallc.a(lib_a-strstr.o)
 .debug_frame   0x00000000000006a8       0x64 c:/intelfpga/18.1/nios2eds/bin/gnu/h-x86_64-mingw32/bin/../lib/gcc/nios2-elf/5.3.0/../../../../../H-x86_64-mingw32/nios2-elf/lib\libsmallc.a(lib_a-strtol.o)
 .debug_frame   0x000000000000070c       0x38 ../hello_world_bsp/\libhal_bsp.a(alt_getchar.o)
 .debug_frame   0x0000000000000744       0xa4 ../hello_world_bsp/\libhal_bsp.a(alt_iic.o)
 .debug_frame   0x00000000000007e8       0x38 ../hello_world_bsp/\libhal_bsp.a(alt_iic_isr_register.o)
 .debug_frame   0x0000000000000820       0x38 ../hello_world_bsp/\libhal_bsp.a(alt_irq_handler.o)
 .debug_frame   0x0000000000000858       0x5c ../hello_world_bsp/\libhal_bsp.a(alt_load.o)
 .debug_frame   0x00000000000008b4       0x2c ../hello_world_bsp/\libhal_bsp.a(alt_main.o)
 .debug_frame   0x00000000000008e0       0x38 ../hello_world_bsp/\libhal_bsp.a(alt_putchar.o)
 .debug_frame   0x0000000000000918       0x34 ../hello_world_bsp/\libhal_bsp.a(alt_sbrk.o)
 .debug_frame   0x000000000000094c       0x60 ../hello_world_bsp/\libhal_bsp.a(alt_sys_init.o)
 .debug_frame   0x00000000000009ac       0x34 ../hello_world_bsp/\libhal_bsp.a(altera_avalon_jtag_uart_read.o)
 .debug_frame   0x00000000000009e0       0x34 ../hello_world_bsp/\libhal_bsp.a(altera_avalon_jtag_uart_write.o)
 .debug_frame   0x0000000000000a14       0x60 ../hello_world_bsp/\libhal_bsp.a(altera_avalon_timer_sc.o)
 .debug_frame   0x0000000000000a74       0x60 ../hello_world_bsp/\libhal_bsp.a(alt_close.o)
 .debug_frame   0x0000000000000ad4       0x34 ../hello_world_bsp/\libhal_bsp.a(alt_dcache_flush_all.o)
 .debug_frame   0x0000000000000b08       0x34 ../hello_world_bsp/\libhal_bsp.a(alt_dev.o)
 .debug_frame   0x0000000000000b3c       0x38 ../hello_world_bsp/\libhal_bsp.a(alt_icache_flush_all.o)
 .debug_frame   0x0000000000000b74       0x5c ../hello_world_bsp/\libhal_bsp.a(alt_instruction_exception_entry.o)
 .debug_frame   0x0000000000000bd0       0x5c ../hello_world_bsp/\libhal_bsp.a(alt_tick.o)
 .debug_frame   0x0000000000000c2c       0x34 ../hello_world_bsp/\libhal_bsp.a(altera_nios2_gen2_irq.o)
 .debug_frame   0x0000000000000c60       0x34 ../hello_world_bsp/\libhal_bsp.a(alt_icache_flush.o)
 .debug_frame   0x0000000000000c94       0x28 c:/intelfpga/18.1/nios2eds/bin/gnu/h-x86_64-mingw32/bin/../lib/gcc/nios2-elf/5.3.0/../../../../../H-x86_64-mingw32/nios2-elf/lib\libsmallc.a(lib_a-exit.o)
 .debug_frame   0x0000000000000cbc       0x54 c:/intelfpga/18.1/nios2eds/bin/gnu/h-x86_64-mingw32/bin/../lib/gcc/nios2-elf/5.3.0/../../../../../H-x86_64-mingw32/nios2-elf/lib\libsmallc.a(lib_a-__call_atexit.o)
 .debug_frame   0x0000000000000d10       0x2c ../hello_world_bsp/\libhal_bsp.a(alt_exit.o)

.debug_str      0x0000000000000000     0x1e60
 *(.debug_str)
 .debug_str     0x0000000000000000      0x1e4 obj/default/src/control.o
                                        0x23b (size before relaxing)
 .debug_str     0x00000000000001e4       0xf1 obj/default/src/hello_world.o
                                        0x25f (size before relaxing)
 .debug_str     0x00000000000002d5       0x4e obj/default/src/setup.o
                                        0x10f (size before relaxing)
 .debug_str     0x0000000000000323       0x51 obj/default/src/timer.o
                                        0x1cf (size before relaxing)
 .debug_str     0x0000000000000374       0x76 obj/default/src/uart.o
                                        0x26f (size before relaxing)
 .debug_str     0x00000000000003ea       0x81 obj/default/rsscanf.o
                                        0x12e (size before relaxing)
 .debug_str     0x000000000000046b       0xfd obj/default/xprintf.o
                                        0x245 (size before relaxing)
 .debug_str     0x0000000000000568      0x16d c:/intelfpga/18.1/nios2eds/bin/gnu/h-x86_64-mingw32/bin/../lib/gcc/nios2-elf/5.3.0\libgcc.a(lib2-divmod.o)
                                        0x1b8 (size before relaxing)
 .debug_str     0x00000000000006d5      0x3d7 c:/intelfpga/18.1/nios2eds/bin/gnu/h-x86_64-mingw32/bin/../lib/gcc/nios2-elf/5.3.0/../../../../../H-x86_64-mingw32/nios2-elf/lib\libsmallc.a(lib_a-atoi.o)
                                        0x497 (size before relaxing)
 .debug_str     0x0000000000000aac       0x58 c:/intelfpga/18.1/nios2eds/bin/gnu/h-x86_64-mingw32/bin/../lib/gcc/nios2-elf/5.3.0/../../../../../H-x86_64-mingw32/nios2-elf/lib\libsmallc.a(lib_a-malloc.o)
                                        0x4b8 (size before relaxing)
 .debug_str     0x0000000000000b04       0x9c c:/intelfpga/18.1/nios2eds/bin/gnu/h-x86_64-mingw32/bin/../lib/gcc/nios2-elf/5.3.0/../../../../../H-x86_64-mingw32/nios2-elf/lib\libsmallc.a(lib_a-nano-freer.o)
                                        0x4fc (size before relaxing)
 .debug_str     0x0000000000000ba0       0x4d c:/intelfpga/18.1/nios2eds/bin/gnu/h-x86_64-mingw32/bin/../lib/gcc/nios2-elf/5.3.0/../../../../../H-x86_64-mingw32/nios2-elf/lib\libsmallc.a(lib_a-nano-mallocr.o)
                                        0x527 (size before relaxing)
 .debug_str     0x0000000000000bed       0xd5 c:/intelfpga/18.1/nios2eds/bin/gnu/h-x86_64-mingw32/bin/../lib/gcc/nios2-elf/5.3.0/../../../../../H-x86_64-mingw32/nios2-elf/lib\libsmallc.a(lib_a-sbrkr.o)
                                        0x49a (size before relaxing)
 .debug_str     0x0000000000000cc2       0xc4 c:/intelfpga/18.1/nios2eds/bin/gnu/h-x86_64-mingw32/bin/../lib/gcc/nios2-elf/5.3.0/../../../../../H-x86_64-mingw32/nios2-elf/lib\libsmallc.a(lib_a-strcat.o)
                                        0x1be (size before relaxing)
 .debug_str     0x0000000000000d86       0x3a c:/intelfpga/18.1/nios2eds/bin/gnu/h-x86_64-mingw32/bin/../lib/gcc/nios2-elf/5.3.0/../../../../../H-x86_64-mingw32/nios2-elf/lib\libsmallc.a(lib_a-strchr.o)
                                        0x1be (size before relaxing)
 .debug_str     0x0000000000000dc0       0x3a c:/intelfpga/18.1/nios2eds/bin/gnu/h-x86_64-mingw32/bin/../lib/gcc/nios2-elf/5.3.0/../../../../../H-x86_64-mingw32/nios2-elf/lib\libsmallc.a(lib_a-strcmp.o)
                                        0x1be (size before relaxing)
 .debug_str     0x0000000000000dfa       0x3a c:/intelfpga/18.1/nios2eds/bin/gnu/h-x86_64-mingw32/bin/../lib/gcc/nios2-elf/5.3.0/../../../../../H-x86_64-mingw32/nios2-elf/lib\libsmallc.a(lib_a-strlen.o)
                                        0x1cb (size before relaxing)
 .debug_str     0x0000000000000e34       0x4b c:/intelfpga/18.1/nios2eds/bin/gnu/h-x86_64-mingw32/bin/../lib/gcc/nios2-elf/5.3.0/../../../../../H-x86_64-mingw32/nios2-elf/lib\libsmallc.a(lib_a-strstr.o)
                                        0x1d6 (size before relaxing)
 .debug_str     0x0000000000000e7f       0x67 c:/intelfpga/18.1/nios2eds/bin/gnu/h-x86_64-mingw32/bin/../lib/gcc/nios2-elf/5.3.0/../../../../../H-x86_64-mingw32/nios2-elf/lib\libsmallc.a(lib_a-strtol.o)
                                        0x4ca (size before relaxing)
 .debug_str     0x0000000000000ee6       0xd3 c:/intelfpga/18.1/nios2eds/bin/gnu/h-x86_64-mingw32/bin/../lib/gcc/nios2-elf/5.3.0/../../../../../H-x86_64-mingw32/nios2-elf/lib\libsmallc.a(lib_a-ctype_.o)
                                        0x144 (size before relaxing)
 .debug_str     0x0000000000000fb9       0x58 c:/intelfpga/18.1/nios2eds/bin/gnu/h-x86_64-mingw32/bin/../lib/gcc/nios2-elf/5.3.0/../../../../../H-x86_64-mingw32/nios2-elf/lib\libsmallc.a(lib_a-impure.o)
                                        0x4a4 (size before relaxing)
 .debug_str     0x0000000000001011       0x3c c:/intelfpga/18.1/nios2eds/bin/gnu/h-x86_64-mingw32/bin/../lib/gcc/nios2-elf/5.3.0/../../../../../H-x86_64-mingw32/nios2-elf/lib\libsmallc.a(lib_a-int_errno.o)
                                        0x1be (size before relaxing)
 .debug_str     0x000000000000104d      0x14c ../hello_world_bsp/\libhal_bsp.a(alt_getchar.o)
                                        0x244 (size before relaxing)
 .debug_str     0x0000000000001199       0xe0 ../hello_world_bsp/\libhal_bsp.a(alt_iic.o)
                                        0x24a (size before relaxing)
 .debug_str     0x0000000000001279       0x4c ../hello_world_bsp/\libhal_bsp.a(alt_iic_isr_register.o)
                                        0x1f4 (size before relaxing)
 .debug_str     0x00000000000012c5       0x3a ../hello_world_bsp/\libhal_bsp.a(alt_irq_handler.o)
                                        0x1a3 (size before relaxing)
 .debug_str     0x00000000000012ff       0x17 ../hello_world_bsp/\libhal_bsp.a(alt_irq_vars.o)
                                        0x146 (size before relaxing)
 .debug_str     0x0000000000001316       0xe9 ../hello_world_bsp/\libhal_bsp.a(alt_load.o)
                                        0x21e (size before relaxing)
 .debug_str     0x00000000000013ff       0x44 ../hello_world_bsp/\libhal_bsp.a(alt_main.o)
                                        0x1a9 (size before relaxing)
 .debug_str     0x0000000000001443       0x34 ../hello_world_bsp/\libhal_bsp.a(alt_putchar.o)
                                        0x199 (size before relaxing)
 .debug_str     0x0000000000001477       0x61 ../hello_world_bsp/\libhal_bsp.a(alt_sbrk.o)
                                        0x1e0 (size before relaxing)
 .debug_str     0x00000000000014d8       0x9d ../hello_world_bsp/\libhal_bsp.a(alt_sys_init.o)
                                        0x28a (size before relaxing)
 .debug_str     0x0000000000001575       0x31 ../hello_world_bsp/\libhal_bsp.a(altera_avalon_jtag_uart_read.o)
                                        0x22b (size before relaxing)
 .debug_str     0x00000000000015a6       0x2c ../hello_world_bsp/\libhal_bsp.a(altera_avalon_jtag_uart_write.o)
                                        0x221 (size before relaxing)
 .debug_str     0x00000000000015d2       0x7f ../hello_world_bsp/\libhal_bsp.a(altera_avalon_timer_sc.o)
                                        0x257 (size before relaxing)
 .debug_str     0x0000000000001651       0x33 ../hello_world_bsp/\libhal_bsp.a(alt_close.o)
                                        0x19d (size before relaxing)
 .debug_str     0x0000000000001684       0x34 ../hello_world_bsp/\libhal_bsp.a(alt_dcache_flush_all.o)
                                        0x161 (size before relaxing)
 .debug_str     0x00000000000016b8      0x120 ../hello_world_bsp/\libhal_bsp.a(alt_dev.o)
                                        0x311 (size before relaxing)
 .debug_str     0x00000000000017d8       0x14 ../hello_world_bsp/\libhal_bsp.a(alt_errno.o)
                                        0x151 (size before relaxing)
 .debug_str     0x00000000000017ec       0x34 ../hello_world_bsp/\libhal_bsp.a(alt_icache_flush_all.o)
                                        0x161 (size before relaxing)
 .debug_str     0x0000000000001820      0x48b ../hello_world_bsp/\libhal_bsp.a(alt_instruction_exception_entry.o)
                                        0x5ac (size before relaxing)
 .debug_str     0x0000000000001cab       0x78 ../hello_world_bsp/\libhal_bsp.a(alt_tick.o)
                                        0x25e (size before relaxing)
 .debug_str     0x0000000000001d23       0x3b ../hello_world_bsp/\libhal_bsp.a(altera_nios2_gen2_irq.o)
                                        0x168 (size before relaxing)
 .debug_str     0x0000000000001d5e       0x2c ../hello_world_bsp/\libhal_bsp.a(alt_icache_flush.o)
                                        0x167 (size before relaxing)
 .debug_str     0x0000000000001d8a       0x4f c:/intelfpga/18.1/nios2eds/bin/gnu/h-x86_64-mingw32/bin/../lib/gcc/nios2-elf/5.3.0/../../../../../H-x86_64-mingw32/nios2-elf/lib\libsmallc.a(lib_a-exit.o)
                                        0x1d6 (size before relaxing)
 .debug_str     0x0000000000001dd9       0x5d c:/intelfpga/18.1/nios2eds/bin/gnu/h-x86_64-mingw32/bin/../lib/gcc/nios2-elf/5.3.0/../../../../../H-x86_64-mingw32/nios2-elf/lib\libsmallc.a(lib_a-__call_atexit.o)
                                        0x4d1 (size before relaxing)
 .debug_str     0x0000000000001e36       0x2a ../hello_world_bsp/\libhal_bsp.a(alt_exit.o)
                                        0x15d (size before relaxing)

.debug_loc      0x0000000000000000     0x2337
 *(.debug_loc)
 .debug_loc     0x0000000000000000      0x17d obj/default/src/control.o
 .debug_loc     0x000000000000017d       0x13 obj/default/src/hello_world.o
 .debug_loc     0x0000000000000190       0x34 obj/default/src/setup.o
 .debug_loc     0x00000000000001c4      0x2d1 obj/default/src/uart.o
 .debug_loc     0x0000000000000495      0x256 obj/default/rsscanf.o
 .debug_loc     0x00000000000006eb      0xd29 obj/default/xprintf.o
 .debug_loc     0x0000000000001414      0x4ce c:/intelfpga/18.1/nios2eds/bin/gnu/h-x86_64-mingw32/bin/../lib/gcc/nios2-elf/5.3.0\libgcc.a(lib2-divmod.o)
 .debug_loc     0x00000000000018e2       0x63 c:/intelfpga/18.1/nios2eds/bin/gnu/h-x86_64-mingw32/bin/../lib/gcc/nios2-elf/5.3.0/../../../../../H-x86_64-mingw32/nios2-elf/lib\libsmallc.a(lib_a-atoi.o)
 .debug_loc     0x0000000000001945       0x58 c:/intelfpga/18.1/nios2eds/bin/gnu/h-x86_64-mingw32/bin/../lib/gcc/nios2-elf/5.3.0/../../../../../H-x86_64-mingw32/nios2-elf/lib\libsmallc.a(lib_a-malloc.o)
 .debug_loc     0x000000000000199d       0xd6 c:/intelfpga/18.1/nios2eds/bin/gnu/h-x86_64-mingw32/bin/../lib/gcc/nios2-elf/5.3.0/../../../../../H-x86_64-mingw32/nios2-elf/lib\libsmallc.a(lib_a-nano-freer.o)
 .debug_loc     0x0000000000001a73      0x214 c:/intelfpga/18.1/nios2eds/bin/gnu/h-x86_64-mingw32/bin/../lib/gcc/nios2-elf/5.3.0/../../../../../H-x86_64-mingw32/nios2-elf/lib\libsmallc.a(lib_a-nano-mallocr.o)
 .debug_loc     0x0000000000001c87       0x4d c:/intelfpga/18.1/nios2eds/bin/gnu/h-x86_64-mingw32/bin/../lib/gcc/nios2-elf/5.3.0/../../../../../H-x86_64-mingw32/nios2-elf/lib\libsmallc.a(lib_a-sbrkr.o)
 .debug_loc     0x0000000000001cd4       0x7f c:/intelfpga/18.1/nios2eds/bin/gnu/h-x86_64-mingw32/bin/../lib/gcc/nios2-elf/5.3.0/../../../../../H-x86_64-mingw32/nios2-elf/lib\libsmallc.a(lib_a-strcat.o)
 .debug_loc     0x0000000000001d53       0x63 c:/intelfpga/18.1/nios2eds/bin/gnu/h-x86_64-mingw32/bin/../lib/gcc/nios2-elf/5.3.0/../../../../../H-x86_64-mingw32/nios2-elf/lib\libsmallc.a(lib_a-strchr.o)
 .debug_loc     0x0000000000001db6       0x3c c:/intelfpga/18.1/nios2eds/bin/gnu/h-x86_64-mingw32/bin/../lib/gcc/nios2-elf/5.3.0/../../../../../H-x86_64-mingw32/nios2-elf/lib\libsmallc.a(lib_a-strcmp.o)
 .debug_loc     0x0000000000001df2       0x1e c:/intelfpga/18.1/nios2eds/bin/gnu/h-x86_64-mingw32/bin/../lib/gcc/nios2-elf/5.3.0/../../../../../H-x86_64-mingw32/nios2-elf/lib\libsmallc.a(lib_a-strlen.o)